

================================================================
== Vitis HLS Report for 'iq_to_real'
================================================================
* Date:           Fri Jul 17 18:38:39 2026

* Version:        2024.2 (Build 5238294 on Nov  8 2024)
* Project:        iq_to_real
* Solution:       hls (Vivado IP Flow Target)
* Product family: zynquplusRFSOC
* Target device:  xczu48dr-fsvg1517-2-e


================================================================
== Performance Estimates
================================================================
+ Timing: 
    * Summary: 
    +--------+----------+----------+------------+
    |  Clock |  Target  | Estimated| Uncertainty|
    +--------+----------+----------+------------+
    |ap_clk  |  10.00 ns|  0.532 ns|     2.70 ns|
    +--------+----------+----------+------------+

+ Latency: 
    * Summary: 
    +---------+---------+-----------+-----------+-----+-----+---------+
    |  Latency (cycles) |   Latency (absolute)  |  Interval | Pipeline|
    |   min   |   max   |    min    |    max    | min | max |   Type  |
    +---------+---------+-----------+-----------+-----+-----+---------+
    |        1|        1|  10.000 ns|  10.000 ns|    1|    1|      yes|
    +---------+---------+-----------+-----------+-----+-----+---------+

    + Detail: 
        * Instance: 
        N/A

        * Loop: 
        N/A



================================================================
== Utilization Estimates
================================================================
* Summary: 
+-----------------+---------+------+--------+--------+-----+
|       Name      | BRAM_18K|  DSP |   FF   |   LUT  | URAM|
+-----------------+---------+------+--------+--------+-----+
|DSP              |        -|     -|       -|       -|    -|
|Expression       |        -|     -|       0|       8|    -|
|FIFO             |        -|     -|       -|       -|    -|
|Instance         |        -|     -|       -|       -|    -|
|Memory           |        -|     -|       -|       -|    -|
|Multiplexer      |        -|     -|       0|      18|    -|
|Register         |        -|     -|       2|       -|    -|
+-----------------+---------+------+--------+--------+-----+
|Total            |        0|     0|       2|      26|    0|
+-----------------+---------+------+--------+--------+-----+
|Available        |     2160|  4272|  850560|  425280|   80|
+-----------------+---------+------+--------+--------+-----+
|Utilization (%)  |        0|     0|      ~0|      ~0|    0|
+-----------------+---------+------+--------+--------+-----+

+ Detail: 
    * Instance: 
    N/A

    * DSP: 
    N/A

    * Memory: 
    N/A

    * FIFO: 
    N/A

    * Expression: 
    +----------------------------------+----------+----+---+----+------------+------------+
    |           Variable Name          | Operation| DSP| FF| LUT| Bitwidth P0| Bitwidth P1|
    +----------------------------------+----------+----+---+----+------------+------------+
    |ap_block_pp0_stage0_01001         |        or|   0|  0|   2|           1|           1|
    |ap_block_state1_pp0_stage0_iter0  |        or|   0|  0|   2|           1|           1|
    |ap_block_state2_pp0_stage0_iter1  |        or|   0|  0|   2|           1|           1|
    |ap_enable_pp0                     |       xor|   0|  0|   2|           1|           2|
    +----------------------------------+----------+----+---+----+------------+------------+
    |Total                             |          |   0|  0|   8|           4|           5|
    +----------------------------------+----------+----+---+----+------------+------------+

    * Multiplexer: 
    +-------------------------+----+-----------+-----+-----------+
    |           Name          | LUT| Input Size| Bits| Total Bits|
    +-------------------------+----+-----------+-----+-----------+
    |m_axis_real_TDATA_blk_n  |   9|          2|    1|          2|
    |s_axis_iq_TDATA_blk_n    |   9|          2|    1|          2|
    +-------------------------+----+-----------+-----+-----------+
    |Total                    |  18|          4|    2|          4|
    +-------------------------+----+-----------+-----+-----------+

    * Register: 
    +-------------------------+---+----+-----+-----------+
    |           Name          | FF| LUT| Bits| Const Bits|
    +-------------------------+---+----+-----+-----------+
    |ap_CS_fsm                |  1|   0|    1|          0|
    |ap_enable_reg_pp0_iter1  |  1|   0|    1|          0|
    +-------------------------+---+----+-----+-----------+
    |Total                    |  2|   0|    2|          0|
    +-------------------------+---+----+-----+-----------+



================================================================
== Interface
================================================================
* Summary: 
+--------------------+-----+-----+--------------+--------------------+--------------+
|      RTL Ports     | Dir | Bits|   Protocol   |    Source Object   |    C Type    |
+--------------------+-----+-----+--------------+--------------------+--------------+
|ap_clk              |   in|    1|  ap_ctrl_none|          iq_to_real|  return value|
|ap_rst_n            |   in|    1|  ap_ctrl_none|          iq_to_real|  return value|
|s_axis_iq_TDATA     |   in|   32|          axis|  s_axis_iq_V_data_V|       pointer|
|s_axis_iq_TVALID    |   in|    1|          axis|  s_axis_iq_V_last_V|       pointer|
|s_axis_iq_TREADY    |  out|    1|          axis|  s_axis_iq_V_last_V|       pointer|
|s_axis_iq_TLAST     |   in|    1|          axis|  s_axis_iq_V_last_V|       pointer|
|s_axis_iq_TKEEP     |   in|    4|          axis|  s_axis_iq_V_keep_V|       pointer|
|s_axis_iq_TSTRB     |   in|    4|          axis|  s_axis_iq_V_strb_V|       pointer|
|m_axis_real_TDATA   |  out|   16|          axis|         m_axis_real|       pointer|
|m_axis_real_TVALID  |  out|    1|          axis|         m_axis_real|       pointer|
|m_axis_real_TREADY  |   in|    1|          axis|         m_axis_real|       pointer|
+--------------------+-----+-----+--------------+--------------------+--------------+

