

================================================================
== Vitis HLS Report for 'lfm_tdm_gen'
================================================================
* Date:           Wed Jul  8 19:54:11 2026

* Version:        2024.2 (Build 5238294 on Nov  8 2024)
* Project:        lfm_tdm_gen
* Solution:       hls (Vivado IP Flow Target)
* Product family: zynquplusRFSOC
* Target device:  xczu48dr-fsvg1517-2-e


================================================================
== Performance Estimates
================================================================
+ Timing: 
    * Summary: 
    +--------+----------+----------+------------+
    |  Clock |  Target  | Estimated| Uncertainty|
    +--------+----------+----------+------------+
    |ap_clk  |  10.00 ns|  2.412 ns|     2.70 ns|
    +--------+----------+----------+------------+

+ Latency: 
    * Summary: 
    +---------+---------+-----------+-----------+------+------+------------------------------------------------+
    |  Latency (cycles) |   Latency (absolute)  |   Interval  |                    Pipeline                    |
    |   min   |   max   |    min    |    max    |  min |  max |                      Type                      |
    +---------+---------+-----------+-----------+------+------+------------------------------------------------+
    |     4107|     4107|  41.070 us|  41.070 us|  4096|  4096|  loop auto-rewind stp (delay=0 clock cycles(s))|
    +---------+---------+-----------+-----------+------+------+------------------------------------------------+

    + Detail: 
        * Instance: 
        N/A

        * Loop: 
        +-----------------------------------+---------+---------+----------+-----------+-----------+------+----------+
        |                                   |  Latency (cycles) | Iteration|  Initiation Interval  | Trip |          |
        |             Loop Name             |   min   |   max   |  Latency |  achieved |   target  | Count| Pipelined|
        +-----------------------------------+---------+---------+----------+-----------+-----------+------+----------+
        |- VITIS_LOOP_53_1_VITIS_LOOP_57_2  |     4105|     4105|        11|          1|          1|  4096|       yes|
        +-----------------------------------+---------+---------+----------+-----------+-----------+------+----------+



================================================================
== Utilization Estimates
================================================================
* Summary: 
+-----------------+---------+------+--------+--------+-----+
|       Name      | BRAM_18K|  DSP |   FF   |   LUT  | URAM|
+-----------------+---------+------+--------+--------+-----+
|DSP              |        -|     1|       -|       -|    -|
|Expression       |        -|     -|       0|     160|    -|
|FIFO             |        -|     -|       -|       -|    -|
|Instance         |        0|     -|      86|      62|    0|
|Memory           |        -|     -|       -|       -|    -|
|Multiplexer      |        -|     -|       0|     108|    -|
|Register         |        -|     -|     282|      96|    -|
+-----------------+---------+------+--------+--------+-----+
|Total            |        0|     1|     368|     426|    0|
+-----------------+---------+------+--------+--------+-----+
|Available        |     2160|  4272|  850560|  425280|   80|
+-----------------+---------+------+--------+--------+-----+
|Utilization (%)  |        0|    ~0|      ~0|      ~0|    0|
+-----------------+---------+------+--------+--------+-----+

+ Detail: 
    * Instance: 
    +-----------------------+--------------------+---------+----+----+----+-----+
    |        Instance       |       Module       | BRAM_18K| DSP| FF | LUT| URAM|
    +-----------------------+--------------------+---------+----+----+----+-----+
    |CTRL_s_axi_U           |CTRL_s_axi          |        0|   0|  36|  40|    0|
    |urem_3ns_3ns_3_7_1_U1  |urem_3ns_3ns_3_7_1  |        0|   0|  50|  22|    0|
    +-----------------------+--------------------+---------+----+----+----+-----+
    |Total                  |                    |        0|   0|  86|  62|    0|
    +-----------------------+--------------------+---------+----+----+----+-----+

    * DSP: 
    +------------------------------------+---------------------------------+--------------+
    |              Instance              |              Module             |  Expression  |
    +------------------------------------+---------------------------------+--------------+
    |mac_muladd_10ns_3ns_10ns_12_4_1_U2  |mac_muladd_10ns_3ns_10ns_12_4_1  |  i0 + i1 * i2|
    +------------------------------------+---------------------------------+--------------+

    * Memory: 
    N/A

    * FIFO: 
    N/A

    * Expression: 
    +------------------------------------+----------+----+---+----+------------+------------+
    |            Variable Name           | Operation| DSP| FF| LUT| Bitwidth P0| Bitwidth P1|
    +------------------------------------+----------+----+---+----+------------+------------+
    |add_ln53_fu_312_p2                  |         +|   0|  0|  19|          12|           1|
    |chirp_fu_324_p2                     |         +|   0|  0|  10|           3|           1|
    |sample_fu_306_p2                    |         +|   0|  0|  18|          11|           1|
    |q_val_fu_369_p2                     |         -|   0|  0|  20|           1|          13|
    |ap_block_pp0_stage0_01001_grp0      |       and|   0|  0|   2|           1|           1|
    |ap_condition_150                    |       and|   0|  0|   2|           1|           1|
    |ap_condition_438                    |       and|   0|  0|   2|           1|           1|
    |tx_word_last_fu_300_p2              |       and|   0|  0|   2|           1|           1|
    |cmp13_fu_284_p2                     |      icmp|   0|  0|  10|           3|           2|
    |icmp_ln53_fu_330_p2                 |      icmp|   0|  0|  19|          12|           2|
    |icmp_ln57_fu_318_p2                 |      icmp|   0|  0|  19|          11|          12|
    |icmp_ln79_fu_294_p2                 |      icmp|   0|  0|  18|          11|          10|
    |ap_block_pp0_stage0_01001           |        or|   0|  0|   2|           1|           1|
    |ap_block_state11_pp0_stage0_iter10  |        or|   0|  0|   2|           1|           1|
    |chirp_2_fu_270_p3                   |    select|   0|  0|   3|           1|           3|
    |select_ln53_fu_262_p3               |    select|   0|  0|  10|           1|           1|
    |ap_enable_pp0                       |       xor|   0|  0|   2|           1|           2|
    +------------------------------------+----------+----+---+----+------------+------------+
    |Total                               |          |   0|  0| 160|          73|          54|
    +------------------------------------+----------+----+---+----+------------+------------+

    * Multiplexer: 
    +---------------------------------------+----+-----------+-----+-----------+
    |                  Name                 | LUT| Input Size| Bits| Total Bits|
    +---------------------------------------+----+-----------+-----+-----------+
    |ap_done_int                            |   9|          2|    1|          2|
    |ap_loop_exit_ready_pp0_iter10_reg      |   9|          2|    1|          2|
    |ap_phi_mux_icmp_ln577_phi_fu_223_p4    |   9|          2|    1|          2|
    |ap_sig_allocacmp_chirp3_load           |   9|          2|    3|          6|
    |ap_sig_allocacmp_chirp_18_load         |   9|          2|    3|          6|
    |ap_sig_allocacmp_indvar_flatten2_load  |   9|          2|   12|         24|
    |ap_sig_allocacmp_sample4_load          |   9|          2|   11|         22|
    |chirp3_fu_120                          |   9|          2|    3|          6|
    |chirp_18_fu_128                        |   9|          2|    3|          6|
    |indvar_flatten2_fu_116                 |   9|          2|   12|         24|
    |m_axis_tx_TDATA_blk_n                  |   9|          2|    1|          2|
    |sample4_fu_124                         |   9|          2|   11|         22|
    +---------------------------------------+----+-----------+-----+-----------+
    |Total                                  | 108|         24|   62|        124|
    +---------------------------------------+----+-----------+-----+-----------+

    * Register: 
    +-------------------------------------------+----+----+-----+-----------+
    |                    Name                   | FF | LUT| Bits| Const Bits|
    +-------------------------------------------+----+----+-----+-----------+
    |ap_CS_fsm                                  |   1|   0|    1|          0|
    |ap_block_pp0_stage0_subdone_grp0_done_reg  |   1|   0|    1|          0|
    |ap_done_reg                                |   1|   0|    1|          0|
    |ap_enable_reg_pp0_iter1                    |   1|   0|    1|          0|
    |ap_enable_reg_pp0_iter10                   |   1|   0|    1|          0|
    |ap_enable_reg_pp0_iter2                    |   1|   0|    1|          0|
    |ap_enable_reg_pp0_iter3                    |   1|   0|    1|          0|
    |ap_enable_reg_pp0_iter4                    |   1|   0|    1|          0|
    |ap_enable_reg_pp0_iter5                    |   1|   0|    1|          0|
    |ap_enable_reg_pp0_iter6                    |   1|   0|    1|          0|
    |ap_enable_reg_pp0_iter7                    |   1|   0|    1|          0|
    |ap_enable_reg_pp0_iter8                    |   1|   0|    1|          0|
    |ap_enable_reg_pp0_iter9                    |   1|   0|    1|          0|
    |ap_loop_exit_ready_pp0_iter10_reg          |   1|   0|    1|          0|
    |ap_loop_exit_ready_pp0_iter1_reg           |   1|   0|    1|          0|
    |ap_loop_exit_ready_pp0_iter2_reg           |   1|   0|    1|          0|
    |ap_loop_exit_ready_pp0_iter3_reg           |   1|   0|    1|          0|
    |ap_loop_exit_ready_pp0_iter4_reg           |   1|   0|    1|          0|
    |ap_loop_exit_ready_pp0_iter5_reg           |   1|   0|    1|          0|
    |ap_loop_exit_ready_pp0_iter6_reg           |   1|   0|    1|          0|
    |ap_loop_exit_ready_pp0_iter7_reg           |   1|   0|    1|          0|
    |ap_loop_exit_ready_pp0_iter8_reg           |   1|   0|    1|          0|
    |ap_loop_exit_ready_pp0_iter9_reg           |   1|   0|    1|          0|
    |chirp3_fu_120                              |   3|   0|    3|          0|
    |chirp_18_fu_128                            |   3|   0|    3|          0|
    |icmp_ln53_reg_450                          |   1|   0|    1|          0|
    |icmp_ln57_reg_445                          |   1|   0|    1|          0|
    |indvar_flatten2_fu_116                     |  12|   0|   12|          0|
    |q_val_reg_469                              |  13|   0|   13|          0|
    |sample4_fu_124                             |  11|   0|   11|          0|
    |trunc_ln60_reg_435                         |  10|   0|   10|          0|
    |tx_word_last_reg_440                       |   1|   0|    1|          0|
    |zext_ln62_reg_464                          |  12|   0|   16|          4|
    |icmp_ln53_reg_450                          |  64|  32|    1|          0|
    |trunc_ln60_reg_435                         |  64|  32|   10|          0|
    |tx_word_last_reg_440                       |  64|  32|    1|          0|
    +-------------------------------------------+----+----+-----+-----------+
    |Total                                      | 282|  96|  106|          4|
    +-------------------------------------------+----+----+-----+-----------+



================================================================
== Interface
================================================================
* Summary: 
+--------------------+-----+-----+------------+--------------------+--------------+
|      RTL Ports     | Dir | Bits|  Protocol  |    Source Object   |    C Type    |
+--------------------+-----+-----+------------+--------------------+--------------+
|s_axi_CTRL_AWVALID  |   in|    1|       s_axi|                CTRL|   return void|
|s_axi_CTRL_AWREADY  |  out|    1|       s_axi|                CTRL|   return void|
|s_axi_CTRL_AWADDR   |   in|    4|       s_axi|                CTRL|   return void|
|s_axi_CTRL_WVALID   |   in|    1|       s_axi|                CTRL|   return void|
|s_axi_CTRL_WREADY   |  out|    1|       s_axi|                CTRL|   return void|
|s_axi_CTRL_WDATA    |   in|   32|       s_axi|                CTRL|   return void|
|s_axi_CTRL_WSTRB    |   in|    4|       s_axi|                CTRL|   return void|
|s_axi_CTRL_ARVALID  |   in|    1|       s_axi|                CTRL|   return void|
|s_axi_CTRL_ARREADY  |  out|    1|       s_axi|                CTRL|   return void|
|s_axi_CTRL_ARADDR   |   in|    4|       s_axi|                CTRL|   return void|
|s_axi_CTRL_RVALID   |  out|    1|       s_axi|                CTRL|   return void|
|s_axi_CTRL_RREADY   |   in|    1|       s_axi|                CTRL|   return void|
|s_axi_CTRL_RDATA    |  out|   32|       s_axi|                CTRL|   return void|
|s_axi_CTRL_RRESP    |  out|    2|       s_axi|                CTRL|   return void|
|s_axi_CTRL_BVALID   |  out|    1|       s_axi|                CTRL|   return void|
|s_axi_CTRL_BREADY   |   in|    1|       s_axi|                CTRL|   return void|
|s_axi_CTRL_BRESP    |  out|    2|       s_axi|                CTRL|   return void|
|ap_clk              |   in|    1|  ap_ctrl_hs|         lfm_tdm_gen|  return value|
|ap_rst_n            |   in|    1|  ap_ctrl_hs|         lfm_tdm_gen|  return value|
|interrupt           |  out|    1|  ap_ctrl_hs|         lfm_tdm_gen|  return value|
|m_axis_tx_TREADY    |   in|    1|        axis|  m_axis_tx_V_last_V|       pointer|
|m_axis_tx_TVALID    |  out|    1|        axis|  m_axis_tx_V_last_V|       pointer|
|m_axis_tx_TLAST     |  out|    1|        axis|  m_axis_tx_V_last_V|       pointer|
|m_axis_tx_TDATA     |  out|   32|        axis|  m_axis_tx_V_data_V|       pointer|
|m_axis_tx_TKEEP     |  out|    4|        axis|  m_axis_tx_V_keep_V|       pointer|
|m_axis_tx_TSTRB     |  out|    4|        axis|  m_axis_tx_V_strb_V|       pointer|
|dbg_lfm_i           |  out|   16|     ap_none|           dbg_lfm_i|       pointer|
|dbg_lfm_q           |  out|   16|     ap_none|           dbg_lfm_q|       pointer|
|dbg_tx_sel          |  out|    2|     ap_none|          dbg_tx_sel|       pointer|
|dbg_chirp_count     |  out|   16|     ap_none|     dbg_chirp_count|       pointer|
|dbg_sample_count    |  out|   16|     ap_none|    dbg_sample_count|       pointer|
|dbg_chirp_start     |  out|    1|     ap_none|     dbg_chirp_start|       pointer|
|dbg_chirp_end       |  out|    1|     ap_none|       dbg_chirp_end|       pointer|
|dbg_enable          |  out|    1|     ap_none|          dbg_enable|       pointer|
|dbg_state           |  out|    3|     ap_none|           dbg_state|       pointer|
+--------------------+-----+-----+------------+--------------------+--------------+

