Copyright 1986-2022 Xilinx, Inc. All Rights Reserved. Copyright 2022-2024 Advanced Micro Devices, Inc. All Rights Reserved.
---------------------------------------------------------------------------------------------------------------------------------------------
| Tool Version : Vivado v.2024.2 (win64) Build 5239630 Fri Nov 08 22:35:27 MST 2024
| Date         : Wed Jul 22 15:13:22 2026
| Host         : JohnsonKu running 64-bit major release  (build 9200)
| Command      : report_utilization -file design_1_wrapper_utilization_placed.rpt -pb design_1_wrapper_utilization_placed.pb
| Design       : design_1_wrapper
| Device       : xczu48dr-fsvg1517-2-e
| Speed File   : -2
| Design State : Fully Placed
---------------------------------------------------------------------------------------------------------------------------------------------

Utilization Design Information

Table of Contents
-----------------
1. CLB Logic
1.1 Summary of Registers by Type
2. CLB Logic Distribution
3. BLOCKRAM
4. ARITHMETIC
5. I/O
6. CLOCK
7. ADVANCED
8. CONFIGURATION
9. Primitives
10. Black Boxes
11. Instantiated Netlists

1. CLB Logic
------------

+----------------------------+-------+-------+------------+-----------+-------+
|          Site Type         |  Used | Fixed | Prohibited | Available | Util% |
+----------------------------+-------+-------+------------+-----------+-------+
| CLB LUTs                   | 12990 |     0 |          0 |    425280 |  3.05 |
|   LUT as Logic             | 11970 |     0 |          0 |    425280 |  2.81 |
|   LUT as Memory            |  1020 |     0 |          0 |    213600 |  0.48 |
|     LUT as Distributed RAM |   478 |     0 |            |           |       |
|     LUT as Shift Register  |   542 |     0 |            |           |       |
| CLB Registers              | 16662 |     0 |          0 |    850560 |  1.96 |
|   Register as Flip Flop    | 16662 |     0 |          0 |    850560 |  1.96 |
|   Register as Latch        |     0 |     0 |          0 |    850560 |  0.00 |
| CARRY8                     |   140 |     0 |          0 |     53160 |  0.26 |
| F7 Muxes                   |    97 |     0 |          0 |    212640 |  0.05 |
| F8 Muxes                   |     0 |     0 |          0 |    106320 |  0.00 |
| F9 Muxes                   |     0 |     0 |          0 |     53160 |  0.00 |
+----------------------------+-------+-------+------------+-----------+-------+
* Warning! LUT value is adjusted to account for LUT combining.


1.1 Summary of Registers by Type
--------------------------------

+-------+--------------+-------------+--------------+
| Total | Clock Enable | Synchronous | Asynchronous |
+-------+--------------+-------------+--------------+
| 0     |            _ |           - |            - |
| 0     |            _ |           - |          Set |
| 0     |            _ |           - |        Reset |
| 0     |            _ |         Set |            - |
| 0     |            _ |       Reset |            - |
| 0     |          Yes |           - |            - |
| 41    |          Yes |           - |          Set |
| 376   |          Yes |           - |        Reset |
| 805   |          Yes |         Set |            - |
| 15440 |          Yes |       Reset |            - |
+-------+--------------+-------------+--------------+


2. CLB Logic Distribution
-------------------------

+--------------------------------------------+-------+-------+------------+-----------+-------+
|                  Site Type                 |  Used | Fixed | Prohibited | Available | Util% |
+--------------------------------------------+-------+-------+------------+-----------+-------+
| CLB                                        |  2931 |     0 |          0 |     53160 |  5.51 |
|   CLBL                                     |  1324 |     0 |            |           |       |
|   CLBM                                     |  1607 |     0 |            |           |       |
| LUT as Logic                               | 11970 |     0 |          0 |    425280 |  2.81 |
|   using O5 output only                     |   475 |       |            |           |       |
|   using O6 output only                     |  8443 |       |            |           |       |
|   using O5 and O6                          |  3052 |       |            |           |       |
| LUT as Memory                              |  1020 |     0 |          0 |    213600 |  0.48 |
|   LUT as Distributed RAM                   |   478 |     0 |            |           |       |
|     using O5 output only                   |     0 |       |            |           |       |
|     using O6 output only                   |     2 |       |            |           |       |
|     using O5 and O6                        |   476 |       |            |           |       |
|   LUT as Shift Register                    |   542 |     0 |            |           |       |
|     using O5 output only                   |     0 |       |            |           |       |
|     using O6 output only                   |   192 |       |            |           |       |
|     using O5 and O6                        |   350 |       |            |           |       |
| CLB Registers                              | 16662 |     0 |          0 |    850560 |  1.96 |
|   Register driven from within the CLB      |  8120 |       |            |           |       |
|   Register driven from outside the CLB     |  8542 |       |            |           |       |
|     LUT in front of the register is unused |  5386 |       |            |           |       |
|     LUT in front of the register is used   |  3156 |       |            |           |       |
| Unique Control Sets                        |  1090 |       |          0 |    106320 |  1.03 |
+--------------------------------------------+-------+-------+------------+-----------+-------+
* * Note: Available Control Sets calculated as Slices * 2, Review the Control Sets Report for more information regarding control sets.


3. BLOCKRAM
-----------

+-------------------+------+-------+------------+-----------+-------+
|     Site Type     | Used | Fixed | Prohibited | Available | Util% |
+-------------------+------+-------+------------+-----------+-------+
| Block RAM Tile    |   31 |     0 |          0 |      1080 |  2.87 |
|   RAMB36/FIFO*    |   29 |     0 |          0 |      1080 |  2.69 |
|     RAMB36E2 only |   29 |       |            |           |       |
|   RAMB18          |    4 |     0 |          0 |      2160 |  0.19 |
|     RAMB18E2 only |    4 |       |            |           |       |
| URAM              |    0 |     0 |          0 |        80 |  0.00 |
+-------------------+------+-------+------------+-----------+-------+
* Note: Each Block RAM Tile only has one FIFO logic available and therefore can accommodate only one FIFO36E2 or one FIFO18E2. However, if a FIFO18E2 occupies a Block RAM Tile, that tile can still accommodate a RAMB18E2


4. ARITHMETIC
-------------

+-----------+------+-------+------------+-----------+-------+
| Site Type | Used | Fixed | Prohibited | Available | Util% |
+-----------+------+-------+------------+-----------+-------+
| DSPs      |    0 |     0 |          0 |      4272 |  0.00 |
+-----------+------+-------+------------+-----------+-------+


5. I/O
------

+------------------+------+-------+------------+-----------+-------+
|     Site Type    | Used | Fixed | Prohibited | Available | Util% |
+------------------+------+-------+------------+-----------+-------+
| Bonded IOB       |    2 |     2 |          0 |       347 |  0.58 |
| HPIOB_M          |    0 |     0 |          0 |       138 |  0.00 |
| HPIOB_S          |    1 |     1 |          0 |       138 |  0.72 |
|   INPUT          |    0 |       |            |           |       |
|   OUTPUT         |    1 |       |            |           |       |
|   BIDIR          |    0 |       |            |           |       |
| HDIOB_M          |    0 |     0 |          0 |        24 |  0.00 |
| HDIOB_S          |    0 |     0 |          0 |        24 |  0.00 |
| HPIOB_SNGL       |    1 |     1 |          0 |        23 |  4.35 |
|   INPUT          |    0 |       |            |           |       |
|   OUTPUT         |    1 |       |            |           |       |
|   BIDIR          |    0 |       |            |           |       |
| HPIOBDIFFINBUF   |    0 |     0 |          0 |       192 |  0.00 |
| HPIOBDIFFOUTBUF  |    0 |     0 |          0 |       192 |  0.00 |
| HDIOBDIFFINBUF   |    0 |     0 |          0 |        72 |  0.00 |
| BITSLICE_CONTROL |    0 |     0 |          0 |        64 |  0.00 |
| BITSLICE_RX_TX   |    0 |     0 |          0 |      2496 |  0.00 |
| BITSLICE_TX      |    0 |     0 |          0 |        64 |  0.00 |
| RIU_OR           |    0 |     0 |          0 |        32 |  0.00 |
| RF_ADC           |    0 |     0 |          4 |         4 |  0.00 |
| RF_DAC           |    0 |     0 |          4 |         4 |  0.00 |
+------------------+------+-------+------------+-----------+-------+


6. CLOCK
--------

+------------+------+-------+------------+-----------+-------+
|  Site Type | Used | Fixed | Prohibited | Available | Util% |
+------------+------+-------+------------+-----------+-------+
| BUFGCE     |    3 |     0 |          0 |       216 |  1.39 |
| BUFGCE_DIV |    0 |     0 |          0 |        32 |  0.00 |
| BUFG_GT    |    2 |     0 |          0 |       312 |  0.64 |
| BUFG_PS    |    1 |     0 |          0 |        72 |  1.39 |
| BUFGCTRL*  |    0 |     0 |          0 |        64 |  0.00 |
| PLL        |    0 |     0 |          0 |        16 |  0.00 |
| MMCM       |    2 |     0 |          0 |         8 | 25.00 |
+------------+------+-------+------------+-----------+-------+
* Note: Each used BUFGCTRL counts as two GLOBAL CLOCK BUFFERs. This table does not include global clocking resources, only buffer cell usage. See the Clock Utilization Report (report_clock_utilization) for detailed accounting of global clocking resource availability.


7. ADVANCED
-----------

+-----------------+------+-------+------------+-----------+--------+
|    Site Type    | Used | Fixed | Prohibited | Available |  Util% |
+-----------------+------+-------+------------+-----------+--------+
| CMACE4          |    0 |     0 |          0 |         2 |   0.00 |
| FE              |    0 |     0 |          0 |         8 |   0.00 |
| GTYE4_CHANNEL   |    0 |     0 |          0 |        16 |   0.00 |
| GTYE4_COMMON    |    0 |     0 |          0 |         4 |   0.00 |
| ILKNE4          |    0 |     0 |          0 |         1 |   0.00 |
| OBUFDS_GTE4     |    0 |     0 |          0 |         8 |   0.00 |
| OBUFDS_GTE4_ADV |    0 |     0 |          0 |         8 |   0.00 |
| PCIE4CE4        |    0 |     0 |          0 |         2 |   0.00 |
| PS8             |    1 |     0 |          0 |         1 | 100.00 |
| RFADC           |    4 |     4 |          0 |         4 | 100.00 |
| RFDAC           |    4 |     4 |          0 |         4 | 100.00 |
| SYSMONE4        |    0 |     0 |          0 |         1 |   0.00 |
| RFADC_13B4W_M0  |    0 |     0 |          0 |         4 |   0.00 |
+-----------------+------+-------+------------+-----------+--------+


8. CONFIGURATION
----------------

+-------------+------+-------+------------+-----------+-------+
|  Site Type  | Used | Fixed | Prohibited | Available | Util% |
+-------------+------+-------+------------+-----------+-------+
| BSCANE2     |    1 |     0 |          0 |         4 | 25.00 |
| DNA_PORTE2  |    0 |     0 |          0 |         1 |  0.00 |
| EFUSE_USR   |    0 |     0 |          0 |         1 |  0.00 |
| FRAME_ECCE4 |    0 |     0 |          0 |         1 |  0.00 |
| ICAPE3      |    0 |     0 |          0 |         2 |  0.00 |
| MASTER_JTAG |    0 |     0 |          0 |         1 |  0.00 |
| STARTUPE3   |    0 |     0 |          0 |         1 |  0.00 |
+-------------+------+-------+------------+-----------+-------+


9. Primitives
-------------

+--------------+-------+---------------------+
|   Ref Name   |  Used | Functional Category |
+--------------+-------+---------------------+
| FDRE         | 15440 |            Register |
| LUT6         |  5338 |                 CLB |
| LUT3         |  2767 |                 CLB |
| LUT4         |  2509 |                 CLB |
| LUT5         |  2228 |                 CLB |
| LUT2         |  1670 |                 CLB |
| RAMD32       |   836 |                 CLB |
| FDSE         |   805 |            Register |
| SRL16E       |   569 |                 CLB |
| LUT1         |   510 |                 CLB |
| FDCE         |   376 |            Register |
| SRLC32E      |   317 |                 CLB |
| CARRY8       |   140 |                 CLB |
| RAMS32       |   118 |                 CLB |
| MUXF7        |    97 |                 CLB |
| FDPE         |    41 |            Register |
| RAMB36E2     |    29 |            BLOCKRAM |
| SRLC16E      |     6 |                 CLB |
| RFDAC        |     4 |            Advanced |
| RFADC        |     4 |            Advanced |
| RAMB18E2     |     4 |            BLOCKRAM |
| BUFGCE       |     3 |               Clock |
| OBUF         |     2 |                 I/O |
| MMCME4_ADV   |     2 |               Clock |
| BUFG_GT_SYNC |     2 |               Clock |
| BUFG_GT      |     2 |               Clock |
| PS8          |     1 |            Advanced |
| BUFG_PS      |     1 |               Clock |
| BSCANE2      |     1 |       Configuration |
+--------------+-------+---------------------+


10. Black Boxes
---------------

+----------+------+
| Ref Name | Used |
+----------+------+


11. Instantiated Netlists
-------------------------

+------------------------------------+------+
|              Ref Name              | Used |
+------------------------------------+------+
| design_1_zynq_ultra_ps_e_0_0       |    1 |
| design_1_usp_rf_data_converter_0_0 |    1 |
| design_1_system_ila_2_0            |    1 |
| design_1_system_ila_1_0            |    1 |
| design_1_rst_ps8_0_99M_1           |    1 |
| design_1_rfdc_resetn_and_0         |    1 |
| design_1_proc_sys_reset_0_1        |    1 |
| design_1_proc_sys_reset_0_0        |    1 |
| design_1_lfm_tdm_gen_0_0           |    1 |
| design_1_iq_to_real_0_0            |    1 |
| design_1_ila_0_0                   |    1 |
| design_1_clk_wiz_dac0_0            |    1 |
| design_1_clk_wiz_adc2_0            |    1 |
| design_1_axis_data_fifo_1_0        |    1 |
| design_1_axis_clock_converter_1_0  |    1 |
| design_1_axis_clock_converter_0_0  |    1 |
| design_1_axis_capture_gate_0_0     |    1 |
| design_1_axi_smc_2                 |    1 |
| design_1_axi_smc_1_1               |    1 |
| design_1_axi_gpio_1_0              |    1 |
| design_1_axi_gpio_0_0              |    1 |
| design_1_axi_dma_0_0               |    1 |
| design_1_adc_packetizer_0_0        |    1 |
| dbg_hub                            |    1 |
+------------------------------------+------+


