

================================================================
== Vitis HLS Report for 'lfm_tdm_gen'
================================================================
* Date:           Tue Jul 14 14:16:04 2026

* Version:        2024.2 (Build 5238294 on Nov  8 2024)
* Project:        lfm_tdm_gen
* Solution:       hls (Vivado IP Flow Target)
* Product family: zynquplusRFSOC
* Target device:  xczu48dr-fsvg1517-2-e


================================================================
== Performance Estimates
================================================================
+ Timing: 
    * Summary: 
    +--------+----------+----------+------------+
    |  Clock |  Target  | Estimated| Uncertainty|
    +--------+----------+----------+------------+
    |ap_clk  |  10.00 ns|  2.412 ns|     2.70 ns|
    +--------+----------+----------+------------+

+ Latency: 
    * Summary: 
    +---------+---------+-----------+-----------+------+------+------------------------------------------------+
    |  Latency (cycles) |   Latency (absolute)  |   Interval  |                    Pipeline                    |
    |   min   |   max   |    min    |    max    |  min |  max |                      Type                      |
    +---------+---------+-----------+-----------+------+------+------------------------------------------------+
    |     4099|     4099|  40.990 us|  40.990 us|  4096|  4096|  loop auto-rewind stp (delay=0 clock cycles(s))|
    +---------+---------+-----------+-----------+------+------+------------------------------------------------+

    + Detail: 
        * Instance: 
        N/A

        * Loop: 
        +-----------------------------------+---------+---------+----------+-----------+-----------+------+----------+
        |                                   |  Latency (cycles) | Iteration|  Initiation Interval  | Trip |          |
        |             Loop Name             |   min   |   max   |  Latency |  achieved |   target  | Count| Pipelined|
        +-----------------------------------+---------+---------+----------+-----------+-----------+------+----------+
        |- VITIS_LOOP_53_1_VITIS_LOOP_56_2  |     4097|     4097|         3|          1|          1|  4096|       yes|
        +-----------------------------------+---------+---------+----------+-----------+-----------+------+----------+

============================================================
+ Verbose Summary: Synthesis Manager
============================================================
InlineROM: 1
ExposeGlobal: 0
============================================================
+ Verbose Summary: CDFG Model
============================================================
IsTopModel: 1
ResetActiveHigh: 1
IsCombinational: 0
IsDatapathOnly: 0
HasWiredReturn: 1
HasMFsm: 2
HasVarLatency: 1
IsPipeline: 0
IsRtlPipelined: 0
IsInstanceOverlapped: 0
IsDontTouch: 0
HasImplIP: 0
IsGatedGlobalClock: 0

+ Individual pipeline summary: 
  * Pipeline-0: initiation interval (II) = 1, depth = 3


============================================================
+ Verbose Summary: Schedule
============================================================
* Number of FSM states : 3
* Pipeline : 1
  Pipeline-0 : II = 1, D = 3, States = { 1 2 3 }
* Dataflow Pipeline: 0

* FSM state transitions: 
1 --> 2 
2 --> 3 
3 --> 

* FSM state operations: 

State 1 <SV = 0> <Delay = 2.41>
ST_1 : Operation 6 [1/1] (0.00ns)   --->   "%indvar_flatten2 = alloca i32 1"   --->   Operation 6 'alloca' 'indvar_flatten2' <Predicate = true> <Delay = 0.00>
ST_1 : Operation 7 [1/1] (0.00ns)   --->   "%chirp3 = alloca i32 1"   --->   Operation 7 'alloca' 'chirp3' <Predicate = true> <Delay = 0.00>
ST_1 : Operation 8 [1/1] (0.00ns)   --->   "%sample4 = alloca i32 1"   --->   Operation 8 'alloca' 'sample4' <Predicate = true> <Delay = 0.00>
ST_1 : Operation 9 [1/1] (0.00ns)   --->   "%chirp_16 = alloca i32 1"   --->   Operation 9 'alloca' 'chirp_16' <Predicate = true> <Delay = 0.00>
ST_1 : Operation 10 [1/1] (0.00ns)   --->   "%spectopmodule_ln22 = spectopmodule void @_ssdm_op_SpecTopModule, void @empty_6" [lfm_tdm_gen.cpp:22]   --->   Operation 10 'spectopmodule' 'spectopmodule_ln22' <Predicate = true> <Delay = 0.00>
ST_1 : Operation 11 [1/1] (0.00ns)   --->   "%specinterface_ln0 = specinterface void @_ssdm_op_SpecInterface, i32 %m_axis_tx_V_data_V, i4 %m_axis_tx_V_keep_V, i4 %m_axis_tx_V_strb_V, i1 %m_axis_tx_V_last_V, void @empty, i32 1, i32 1, void @empty_0, i32 0, i32 0, void @empty_1, void @empty_1, void @empty_1, i32 0, i32 0, i32 0, i32 0, void @empty_1, void @empty_1, i32 4294967295, i32 0, i32 0"   --->   Operation 11 'specinterface' 'specinterface_ln0' <Predicate = true> <Delay = 0.00>
ST_1 : Operation 12 [1/1] (0.00ns)   --->   "%specbitsmap_ln0 = specbitsmap void @_ssdm_op_SpecBitsMap, i32 %m_axis_tx_V_data_V"   --->   Operation 12 'specbitsmap' 'specbitsmap_ln0' <Predicate = true> <Delay = 0.00>
ST_1 : Operation 13 [1/1] (0.00ns)   --->   "%specbitsmap_ln0 = specbitsmap void @_ssdm_op_SpecBitsMap, i4 %m_axis_tx_V_keep_V"   --->   Operation 13 'specbitsmap' 'specbitsmap_ln0' <Predicate = true> <Delay = 0.00>
ST_1 : Operation 14 [1/1] (0.00ns)   --->   "%specbitsmap_ln0 = specbitsmap void @_ssdm_op_SpecBitsMap, i4 %m_axis_tx_V_strb_V"   --->   Operation 14 'specbitsmap' 'specbitsmap_ln0' <Predicate = true> <Delay = 0.00>
ST_1 : Operation 15 [1/1] (0.00ns)   --->   "%specbitsmap_ln0 = specbitsmap void @_ssdm_op_SpecBitsMap, i1 %m_axis_tx_V_last_V"   --->   Operation 15 'specbitsmap' 'specbitsmap_ln0' <Predicate = true> <Delay = 0.00>
ST_1 : Operation 16 [1/1] (0.00ns)   --->   "%specbitsmap_ln0 = specbitsmap void @_ssdm_op_SpecBitsMap, i16 %dbg_lfm_i"   --->   Operation 16 'specbitsmap' 'specbitsmap_ln0' <Predicate = true> <Delay = 0.00>
ST_1 : Operation 17 [1/1] (0.00ns)   --->   "%specinterface_ln0 = specinterface void @_ssdm_op_SpecInterface, i16 %dbg_lfm_i, void @empty_2, i32 4294967295, i32 4294967295, void @empty_1, i32 0, i32 0, void @empty_1, void @empty_1, void @empty_1, i32 0, i32 0, i32 0, i32 0, void @empty_1, void @empty_1, i32 4294967295, i32 0, i32 0"   --->   Operation 17 'specinterface' 'specinterface_ln0' <Predicate = true> <Delay = 0.00>
ST_1 : Operation 18 [1/1] (0.00ns)   --->   "%specbitsmap_ln0 = specbitsmap void @_ssdm_op_SpecBitsMap, i16 %dbg_lfm_q"   --->   Operation 18 'specbitsmap' 'specbitsmap_ln0' <Predicate = true> <Delay = 0.00>
ST_1 : Operation 19 [1/1] (0.00ns)   --->   "%specinterface_ln0 = specinterface void @_ssdm_op_SpecInterface, i16 %dbg_lfm_q, void @empty_2, i32 4294967295, i32 4294967295, void @empty_1, i32 0, i32 0, void @empty_1, void @empty_1, void @empty_1, i32 0, i32 0, i32 0, i32 0, void @empty_1, void @empty_1, i32 4294967295, i32 0, i32 0"   --->   Operation 19 'specinterface' 'specinterface_ln0' <Predicate = true> <Delay = 0.00>
ST_1 : Operation 20 [1/1] (0.00ns)   --->   "%specbitsmap_ln0 = specbitsmap void @_ssdm_op_SpecBitsMap, i2 %dbg_tx_sel"   --->   Operation 20 'specbitsmap' 'specbitsmap_ln0' <Predicate = true> <Delay = 0.00>
ST_1 : Operation 21 [1/1] (0.00ns)   --->   "%specinterface_ln0 = specinterface void @_ssdm_op_SpecInterface, i2 %dbg_tx_sel, void @empty_2, i32 4294967295, i32 4294967295, void @empty_1, i32 0, i32 0, void @empty_1, void @empty_1, void @empty_1, i32 0, i32 0, i32 0, i32 0, void @empty_1, void @empty_1, i32 4294967295, i32 0, i32 0"   --->   Operation 21 'specinterface' 'specinterface_ln0' <Predicate = true> <Delay = 0.00>
ST_1 : Operation 22 [1/1] (0.00ns)   --->   "%specbitsmap_ln0 = specbitsmap void @_ssdm_op_SpecBitsMap, i16 %dbg_chirp_count"   --->   Operation 22 'specbitsmap' 'specbitsmap_ln0' <Predicate = true> <Delay = 0.00>
ST_1 : Operation 23 [1/1] (0.00ns)   --->   "%specinterface_ln0 = specinterface void @_ssdm_op_SpecInterface, i16 %dbg_chirp_count, void @empty_2, i32 4294967295, i32 4294967295, void @empty_1, i32 0, i32 0, void @empty_1, void @empty_1, void @empty_1, i32 0, i32 0, i32 0, i32 0, void @empty_1, void @empty_1, i32 4294967295, i32 0, i32 0"   --->   Operation 23 'specinterface' 'specinterface_ln0' <Predicate = true> <Delay = 0.00>
ST_1 : Operation 24 [1/1] (0.00ns)   --->   "%specbitsmap_ln0 = specbitsmap void @_ssdm_op_SpecBitsMap, i16 %dbg_sample_count"   --->   Operation 24 'specbitsmap' 'specbitsmap_ln0' <Predicate = true> <Delay = 0.00>
ST_1 : Operation 25 [1/1] (0.00ns)   --->   "%specinterface_ln0 = specinterface void @_ssdm_op_SpecInterface, i16 %dbg_sample_count, void @empty_2, i32 4294967295, i32 4294967295, void @empty_1, i32 0, i32 0, void @empty_1, void @empty_1, void @empty_1, i32 0, i32 0, i32 0, i32 0, void @empty_1, void @empty_1, i32 4294967295, i32 0, i32 0"   --->   Operation 25 'specinterface' 'specinterface_ln0' <Predicate = true> <Delay = 0.00>
ST_1 : Operation 26 [1/1] (0.00ns)   --->   "%specbitsmap_ln0 = specbitsmap void @_ssdm_op_SpecBitsMap, i1 %dbg_chirp_start"   --->   Operation 26 'specbitsmap' 'specbitsmap_ln0' <Predicate = true> <Delay = 0.00>
ST_1 : Operation 27 [1/1] (0.00ns)   --->   "%specinterface_ln0 = specinterface void @_ssdm_op_SpecInterface, i1 %dbg_chirp_start, void @empty_2, i32 4294967295, i32 4294967295, void @empty_1, i32 0, i32 0, void @empty_1, void @empty_1, void @empty_1, i32 0, i32 0, i32 0, i32 0, void @empty_1, void @empty_1, i32 4294967295, i32 0, i32 0"   --->   Operation 27 'specinterface' 'specinterface_ln0' <Predicate = true> <Delay = 0.00>
ST_1 : Operation 28 [1/1] (0.00ns)   --->   "%specbitsmap_ln0 = specbitsmap void @_ssdm_op_SpecBitsMap, i1 %dbg_chirp_end"   --->   Operation 28 'specbitsmap' 'specbitsmap_ln0' <Predicate = true> <Delay = 0.00>
ST_1 : Operation 29 [1/1] (0.00ns)   --->   "%specinterface_ln0 = specinterface void @_ssdm_op_SpecInterface, i1 %dbg_chirp_end, void @empty_2, i32 4294967295, i32 4294967295, void @empty_1, i32 0, i32 0, void @empty_1, void @empty_1, void @empty_1, i32 0, i32 0, i32 0, i32 0, void @empty_1, void @empty_1, i32 4294967295, i32 0, i32 0"   --->   Operation 29 'specinterface' 'specinterface_ln0' <Predicate = true> <Delay = 0.00>
ST_1 : Operation 30 [1/1] (0.00ns)   --->   "%specbitsmap_ln0 = specbitsmap void @_ssdm_op_SpecBitsMap, i1 %dbg_enable"   --->   Operation 30 'specbitsmap' 'specbitsmap_ln0' <Predicate = true> <Delay = 0.00>
ST_1 : Operation 31 [1/1] (0.00ns)   --->   "%specinterface_ln0 = specinterface void @_ssdm_op_SpecInterface, i1 %dbg_enable, void @empty_2, i32 4294967295, i32 4294967295, void @empty_1, i32 0, i32 0, void @empty_1, void @empty_1, void @empty_1, i32 0, i32 0, i32 0, i32 0, void @empty_1, void @empty_1, i32 4294967295, i32 0, i32 0"   --->   Operation 31 'specinterface' 'specinterface_ln0' <Predicate = true> <Delay = 0.00>
ST_1 : Operation 32 [1/1] (0.00ns)   --->   "%specbitsmap_ln0 = specbitsmap void @_ssdm_op_SpecBitsMap, i3 %dbg_state"   --->   Operation 32 'specbitsmap' 'specbitsmap_ln0' <Predicate = true> <Delay = 0.00>
ST_1 : Operation 33 [1/1] (0.00ns)   --->   "%specinterface_ln0 = specinterface void @_ssdm_op_SpecInterface, i3 %dbg_state, void @empty_2, i32 4294967295, i32 4294967295, void @empty_1, i32 0, i32 0, void @empty_1, void @empty_1, void @empty_1, i32 0, i32 0, i32 0, i32 0, void @empty_1, void @empty_1, i32 4294967295, i32 0, i32 0"   --->   Operation 33 'specinterface' 'specinterface_ln0' <Predicate = true> <Delay = 0.00>
ST_1 : Operation 34 [1/1] (0.00ns)   --->   "%specinterface_ln0 = specinterface void @_ssdm_op_SpecInterface, i32 0, void @empty_3, i32 0, i32 0, void @empty_1, i32 0, i32 0, void @empty_4, void @empty_1, void @empty_1, i32 0, i32 0, i32 0, i32 0, void @empty_1, void @empty_1, i32 4294967295, i32 0, i32 0"   --->   Operation 34 'specinterface' 'specinterface_ln0' <Predicate = true> <Delay = 0.00>
ST_1 : Operation 35 [1/1] (0.00ns)   --->   "%specaxissidechannel_ln53 = specaxissidechannel void @_ssdm_op_SpecAXISSideChannel, i32 %m_axis_tx_V_data_V, i4 %m_axis_tx_V_keep_V, i4 %m_axis_tx_V_strb_V, i1 0, i1 %m_axis_tx_V_last_V, i1 0, i1 0, void @empty_5" [lfm_tdm_gen.cpp:53]   --->   Operation 35 'specaxissidechannel' 'specaxissidechannel_ln53' <Predicate = true> <Delay = 0.00>
ST_1 : Operation 36 [1/1] (0.42ns)   --->   "%store_ln0 = store i3 1, i3 %chirp_16"   --->   Operation 36 'store' 'store_ln0' <Predicate = true> <Delay = 0.42>
ST_1 : Operation 37 [1/1] (0.42ns)   --->   "%store_ln0 = store i11 0, i11 %sample4"   --->   Operation 37 'store' 'store_ln0' <Predicate = true> <Delay = 0.42>
ST_1 : Operation 38 [1/1] (0.42ns)   --->   "%store_ln0 = store i3 0, i3 %chirp3"   --->   Operation 38 'store' 'store_ln0' <Predicate = true> <Delay = 0.42>
ST_1 : Operation 39 [1/1] (0.42ns)   --->   "%store_ln0 = store i12 0, i12 %indvar_flatten2"   --->   Operation 39 'store' 'store_ln0' <Predicate = true> <Delay = 0.42>
ST_1 : Operation 40 [1/1] (0.42ns)   --->   "%br_ln0 = br void %for.inc21"   --->   Operation 40 'br' 'br_ln0' <Predicate = true> <Delay = 0.42>
ST_1 : Operation 41 [1/1] (0.00ns)   --->   "%icmp_ln565 = phi i1 0, void %entry, i1 %icmp_ln56, void %for.inc21" [lfm_tdm_gen.cpp:56]   --->   Operation 41 'phi' 'icmp_ln565' <Predicate = true> <Delay = 0.00>
ST_1 : Operation 42 [1/1] (0.00ns)   --->   "%indvar_flatten2_load = load i12 %indvar_flatten2" [lfm_tdm_gen.cpp:53]   --->   Operation 42 'load' 'indvar_flatten2_load' <Predicate = true> <Delay = 0.00>
ST_1 : Operation 43 [1/1] (0.00ns)   --->   "%chirp3_load = load i3 %chirp3" [lfm_tdm_gen.cpp:53]   --->   Operation 43 'load' 'chirp3_load' <Predicate = true> <Delay = 0.00>
ST_1 : Operation 44 [1/1] (0.00ns)   --->   "%sample4_load = load i11 %sample4" [lfm_tdm_gen.cpp:53]   --->   Operation 44 'load' 'sample4_load' <Predicate = true> <Delay = 0.00>
ST_1 : Operation 45 [1/1] (0.00ns)   --->   "%chirp_16_load = load i3 %chirp_16" [lfm_tdm_gen.cpp:53]   --->   Operation 45 'load' 'chirp_16_load' <Predicate = true> <Delay = 0.00>
ST_1 : Operation 46 [1/1] (0.38ns)   --->   "%select_ln53 = select i1 %icmp_ln565, i11 0, i11 %sample4_load" [lfm_tdm_gen.cpp:53]   --->   Operation 46 'select' 'select_ln53' <Predicate = true> <Delay = 0.38> <CoreInst = "Sel">   --->   Core 73 'Sel' <Latency = 0> <II = 1> <Delay = 0.38> <FuncUnit> <Opcode : 'select'> <InPorts = 3> <OutPorts = 1>
ST_1 : Operation 47 [1/1] (0.20ns)   --->   "%chirp_2 = select i1 %icmp_ln565, i3 %chirp_16_load, i3 %chirp3_load" [lfm_tdm_gen.cpp:53]   --->   Operation 47 'select' 'chirp_2' <Predicate = true> <Delay = 0.20> <CoreInst = "Sel">   --->   Core 73 'Sel' <Latency = 0> <II = 1> <Delay = 0.20> <FuncUnit> <Opcode : 'select'> <InPorts = 3> <OutPorts = 1>
ST_1 : Operation 48 [1/1] (0.67ns)   --->   "%cmp13 = icmp_eq  i3 %chirp_2, i3 3" [lfm_tdm_gen.cpp:53]   --->   Operation 48 'icmp' 'cmp13' <Predicate = true> <Delay = 0.67> <CoreInst = "Cmp">   --->   Core 9 'Cmp' <Latency = 0> <II = 1> <Delay = 0.67> <FuncUnit> <Opcode : 'seteq' 'setne' 'setle' 'setge' 'setlt' 'setgt'> <InPorts = 2> <OutPorts = 1>
ST_1 : Operation 49 [1/1] (0.00ns)   --->   "%zext_ln56 = zext i11 %select_ln53" [lfm_tdm_gen.cpp:56]   --->   Operation 49 'zext' 'zext_ln56' <Predicate = true> <Delay = 0.00>
ST_1 : Operation 50 [1/1] (0.00ns)   --->   "%LFM_IQ_LUT_addr = getelementptr i31 %LFM_IQ_LUT, i64 0, i64 %zext_ln56" [lfm_tdm_gen.cpp:59]   --->   Operation 50 'getelementptr' 'LFM_IQ_LUT_addr' <Predicate = true> <Delay = 0.00>
ST_1 : Operation 51 [2/2] (1.23ns)   --->   "%lut_word = load i10 %LFM_IQ_LUT_addr" [lfm_tdm_gen.cpp:59]   --->   Operation 51 'load' 'lut_word' <Predicate = true> <Delay = 1.23> <CoreInst = "ROM">   --->   Core 100 'ROM' <Latency = 1> <II = 1> <Delay = 1.23> <Storage> <Opcode : 'load'> <Ports = 0> <Width = 31> <Depth = 1024> <ROM>
ST_1 : Operation 52 [1/1] (0.79ns)   --->   "%icmp_ln72 = icmp_eq  i11 %select_ln53, i11 1023" [lfm_tdm_gen.cpp:72]   --->   Operation 52 'icmp' 'icmp_ln72' <Predicate = true> <Delay = 0.79> <CoreInst = "Cmp">   --->   Core 9 'Cmp' <Latency = 0> <II = 1> <Delay = 0.79> <FuncUnit> <Opcode : 'seteq' 'setne' 'setle' 'setge' 'setlt' 'setgt'> <InPorts = 2> <OutPorts = 1>
ST_1 : Operation 53 [1/1] (0.28ns)   --->   "%tx_word_last = and i1 %cmp13, i1 %icmp_ln72" [lfm_tdm_gen.cpp:71]   --->   Operation 53 'and' 'tx_word_last' <Predicate = true> <Delay = 0.28> <CoreInst = "LogicGate">   --->   Core 74 'LogicGate' <Latency = 0> <II = 1> <Delay = 0.28> <FuncUnit> <Opcode : 'and' 'or' 'xor'> <InPorts = 2> <OutPorts = 1>
ST_1 : Operation 54 [1/1] (0.79ns)   --->   "%sample = add i11 %select_ln53, i11 1" [lfm_tdm_gen.cpp:56]   --->   Operation 54 'add' 'sample' <Predicate = true> <Delay = 0.79> <CoreInst = "Adder">   --->   Core 1 'Adder' <Latency = 0> <II = 1> <Delay = 0.79> <FuncUnit> <Opcode : 'add' 'sub'> <InPorts = 2> <OutPorts = 1>
ST_1 : Operation 55 [1/1] (0.80ns)   --->   "%add_ln53 = add i12 %indvar_flatten2_load, i12 1" [lfm_tdm_gen.cpp:53]   --->   Operation 55 'add' 'add_ln53' <Predicate = true> <Delay = 0.80> <CoreInst = "Adder">   --->   Core 1 'Adder' <Latency = 0> <II = 1> <Delay = 0.80> <FuncUnit> <Opcode : 'add' 'sub'> <InPorts = 2> <OutPorts = 1>
ST_1 : Operation 56 [1/1] (0.79ns)   --->   "%icmp_ln56 = icmp_eq  i11 %sample, i11 1024" [lfm_tdm_gen.cpp:56]   --->   Operation 56 'icmp' 'icmp_ln56' <Predicate = true> <Delay = 0.79> <CoreInst = "Cmp">   --->   Core 9 'Cmp' <Latency = 0> <II = 1> <Delay = 0.79> <FuncUnit> <Opcode : 'seteq' 'setne' 'setle' 'setge' 'setlt' 'setgt'> <InPorts = 2> <OutPorts = 1>
ST_1 : Operation 57 [1/1] (0.67ns)   --->   "%chirp = add i3 %chirp_2, i3 1" [lfm_tdm_gen.cpp:53]   --->   Operation 57 'add' 'chirp' <Predicate = true> <Delay = 0.67> <CoreInst = "Adder">   --->   Core 1 'Adder' <Latency = 0> <II = 1> <Delay = 0.67> <FuncUnit> <Opcode : 'add' 'sub'> <InPorts = 2> <OutPorts = 1>
ST_1 : Operation 58 [1/1] (0.80ns)   --->   "%icmp_ln53 = icmp_eq  i12 %indvar_flatten2_load, i12 4095" [lfm_tdm_gen.cpp:53]   --->   Operation 58 'icmp' 'icmp_ln53' <Predicate = true> <Delay = 0.80> <CoreInst = "Cmp">   --->   Core 9 'Cmp' <Latency = 0> <II = 1> <Delay = 0.80> <FuncUnit> <Opcode : 'seteq' 'setne' 'setle' 'setge' 'setlt' 'setgt'> <InPorts = 2> <OutPorts = 1>
ST_1 : Operation 59 [1/1] (0.42ns)   --->   "%store_ln53 = store i3 %chirp, i3 %chirp_16" [lfm_tdm_gen.cpp:53]   --->   Operation 59 'store' 'store_ln53' <Predicate = true> <Delay = 0.42>
ST_1 : Operation 60 [1/1] (0.42ns)   --->   "%store_ln56 = store i11 %sample, i11 %sample4" [lfm_tdm_gen.cpp:56]   --->   Operation 60 'store' 'store_ln56' <Predicate = true> <Delay = 0.42>
ST_1 : Operation 61 [1/1] (0.42ns)   --->   "%store_ln53 = store i3 %chirp_2, i3 %chirp3" [lfm_tdm_gen.cpp:53]   --->   Operation 61 'store' 'store_ln53' <Predicate = true> <Delay = 0.42>
ST_1 : Operation 62 [1/1] (0.42ns)   --->   "%store_ln53 = store i12 %add_ln53, i12 %indvar_flatten2" [lfm_tdm_gen.cpp:53]   --->   Operation 62 'store' 'store_ln53' <Predicate = true> <Delay = 0.42>
ST_1 : Operation 63 [1/1] (0.00ns)   --->   "%br_ln53 = br i1 %icmp_ln53, void %for.inc21, void %for.cond.cleanup" [lfm_tdm_gen.cpp:53]   --->   Operation 63 'br' 'br_ln53' <Predicate = true> <Delay = 0.00>

State 2 <SV = 1> <Delay = 1.73>
ST_2 : Operation 64 [1/2] ( I:1.23ns O:1.23ns )   --->   "%lut_word = load i10 %LFM_IQ_LUT_addr" [lfm_tdm_gen.cpp:59]   --->   Operation 64 'load' 'lut_word' <Predicate = true> <Delay = 1.23> <CoreInst = "ROM">   --->   Core 100 'ROM' <Latency = 1> <II = 1> <Delay = 1.23> <Storage> <Opcode : 'load'> <Ports = 0> <Width = 31> <Depth = 1024> <ROM>
ST_2 : Operation 65 [1/1] (0.00ns)   --->   "%sext_ln59 = sext i31 %lut_word" [lfm_tdm_gen.cpp:59]   --->   Operation 65 'sext' 'sext_ln59' <Predicate = true> <Delay = 0.00>
ST_2 : Operation 66 [2/2] (0.49ns)   --->   "%write_ln82 = write void @_ssdm_op_Write.axis.volatile.i32P0A.i4P0A.i4P0A.i1P0A, i32 %m_axis_tx_V_data_V, i4 %m_axis_tx_V_keep_V, i4 %m_axis_tx_V_strb_V, i1 %m_axis_tx_V_last_V, i32 %sext_ln59, i4 15, i4 15, i1 %tx_word_last" [lfm_tdm_gen.cpp:82]   --->   Operation 66 'write' 'write_ln82' <Predicate = true> <Delay = 0.49> <CoreInst = "regslice">   --->   Core 147 'regslice' <Latency = 0> <II = 1> <Delay = 0.65> <Adapter> <Opcode : 'read' 'write'>

State 3 <SV = 2> <Delay = 0.49>
ST_3 : Operation 67 [1/1] (0.00ns)   --->   "%specloopname_ln0 = specloopname void @_ssdm_op_SpecLoopName, void @VITIS_LOOP_53_1_VITIS_LOOP_56_2_str"   --->   Operation 67 'specloopname' 'specloopname_ln0' <Predicate = true> <Delay = 0.00>
ST_3 : Operation 68 [1/1] (0.00ns)   --->   "%speclooptripcount_ln0 = speclooptripcount void @_ssdm_op_SpecLoopTripCount, i64 4096, i64 4096, i64 4096"   --->   Operation 68 'speclooptripcount' 'speclooptripcount_ln0' <Predicate = true> <Delay = 0.00>
ST_3 : Operation 69 [1/1] (0.00ns)   --->   "%specpipeline_ln57 = specpipeline void @_ssdm_op_SpecPipeline, i32 1, i32 0, i32 0, i32 0, void @empty_1" [lfm_tdm_gen.cpp:57]   --->   Operation 69 'specpipeline' 'specpipeline_ln57' <Predicate = true> <Delay = 0.00>
ST_3 : Operation 70 [1/2] (0.49ns)   --->   "%write_ln82 = write void @_ssdm_op_Write.axis.volatile.i32P0A.i4P0A.i4P0A.i1P0A, i32 %m_axis_tx_V_data_V, i4 %m_axis_tx_V_keep_V, i4 %m_axis_tx_V_strb_V, i1 %m_axis_tx_V_last_V, i32 %sext_ln59, i4 15, i4 15, i1 %tx_word_last" [lfm_tdm_gen.cpp:82]   --->   Operation 70 'write' 'write_ln82' <Predicate = true> <Delay = 0.49> <CoreInst = "regslice">   --->   Core 147 'regslice' <Latency = 0> <II = 1> <Delay = 0.65> <Adapter> <Opcode : 'read' 'write'>
ST_3 : Operation 71 [1/1] (0.00ns)   --->   "%write_ln74 = write void @_ssdm_op_Write.ap_none.i16P0A, i16 %dbg_lfm_i, i16 53749" [lfm_tdm_gen.cpp:74]   --->   Operation 71 'write' 'write_ln74' <Predicate = (icmp_ln53)> <Delay = 0.00>
ST_3 : Operation 72 [1/1] (0.00ns)   --->   "%write_ln75 = write void @_ssdm_op_Write.ap_none.i16P0A, i16 %dbg_lfm_q, i16 63287" [lfm_tdm_gen.cpp:75]   --->   Operation 72 'write' 'write_ln75' <Predicate = (icmp_ln53)> <Delay = 0.00>
ST_3 : Operation 73 [1/1] (0.00ns)   --->   "%write_ln76 = write void @_ssdm_op_Write.ap_none.i2P0A, i2 %dbg_tx_sel, i2 0" [lfm_tdm_gen.cpp:76]   --->   Operation 73 'write' 'write_ln76' <Predicate = (icmp_ln53)> <Delay = 0.00>
ST_3 : Operation 74 [1/1] (0.00ns)   --->   "%write_ln77 = write void @_ssdm_op_Write.ap_none.i16P0A, i16 %dbg_chirp_count, i16 3" [lfm_tdm_gen.cpp:77]   --->   Operation 74 'write' 'write_ln77' <Predicate = (icmp_ln53)> <Delay = 0.00>
ST_3 : Operation 75 [1/1] (0.00ns)   --->   "%write_ln78 = write void @_ssdm_op_Write.ap_none.i16P0A, i16 %dbg_sample_count, i16 1023" [lfm_tdm_gen.cpp:78]   --->   Operation 75 'write' 'write_ln78' <Predicate = (icmp_ln53)> <Delay = 0.00>
ST_3 : Operation 76 [1/1] (0.00ns)   --->   "%write_ln79 = write void @_ssdm_op_Write.ap_none.i1P0A, i1 %dbg_chirp_start, i1 0" [lfm_tdm_gen.cpp:79]   --->   Operation 76 'write' 'write_ln79' <Predicate = (icmp_ln53)> <Delay = 0.00>
ST_3 : Operation 77 [1/1] (0.00ns)   --->   "%write_ln80 = write void @_ssdm_op_Write.ap_none.i1P0A, i1 %dbg_chirp_end, i1 1" [lfm_tdm_gen.cpp:80]   --->   Operation 77 'write' 'write_ln80' <Predicate = (icmp_ln53)> <Delay = 0.00>
ST_3 : Operation 78 [1/1] (0.00ns)   --->   "%write_ln86 = write void @_ssdm_op_Write.ap_none.i1P0A, i1 %dbg_enable, i1 0" [lfm_tdm_gen.cpp:86]   --->   Operation 78 'write' 'write_ln86' <Predicate = (icmp_ln53)> <Delay = 0.00>
ST_3 : Operation 79 [1/1] (0.00ns)   --->   "%write_ln87 = write void @_ssdm_op_Write.ap_none.i3P0A, i3 %dbg_state, i3 0" [lfm_tdm_gen.cpp:87]   --->   Operation 79 'write' 'write_ln87' <Predicate = (icmp_ln53)> <Delay = 0.00>
ST_3 : Operation 80 [1/1] (0.42ns)   --->   "%ret_ln88 = ret" [lfm_tdm_gen.cpp:88]   --->   Operation 80 'ret' 'ret_ln88' <Predicate = (icmp_ln53)> <Delay = 0.42>


============================================================
+ Verbose Summary: Binding
============================================================
STG Binding: 
---------------- STG Properties BEGIN ----------------
- Is combinational: 0
- Is one-state seq: 0
- Is datapath-only: 0
- Is pipelined: 0
- Is top level: 1
Port [ Return ] is wired: 1; IO mode=ap_ctrl_hs:ce=0
Port [ m_axis_tx_V_data_V]:  wired=1; compound=1; hidden=0; nouse=0; global=0; static=0; extern=0; dir=1; type=0; pingpong=0; private_global=0; IO mode=axis:ce=0
Port [ m_axis_tx_V_keep_V]:  wired=1; compound=1; hidden=0; nouse=0; global=0; static=0; extern=0; dir=1; type=0; pingpong=0; private_global=0; IO mode=axis:ce=0
Port [ m_axis_tx_V_strb_V]:  wired=1; compound=1; hidden=0; nouse=0; global=0; static=0; extern=0; dir=1; type=0; pingpong=0; private_global=0; IO mode=axis:ce=0
Port [ m_axis_tx_V_last_V]:  wired=1; compound=1; hidden=0; nouse=0; global=0; static=0; extern=0; dir=1; type=0; pingpong=0; private_global=0; IO mode=axis:ce=0
Port [ dbg_lfm_i]:  wired=1; compound=0; hidden=0; nouse=0; global=0; static=0; extern=0; dir=1; type=0; pingpong=0; private_global=0; IO mode=ap_none:ce=0
Port [ dbg_lfm_q]:  wired=1; compound=0; hidden=0; nouse=0; global=0; static=0; extern=0; dir=1; type=0; pingpong=0; private_global=0; IO mode=ap_none:ce=0
Port [ dbg_tx_sel]:  wired=1; compound=0; hidden=0; nouse=0; global=0; static=0; extern=0; dir=1; type=0; pingpong=0; private_global=0; IO mode=ap_none:ce=0
Port [ dbg_chirp_count]:  wired=1; compound=0; hidden=0; nouse=0; global=0; static=0; extern=0; dir=1; type=0; pingpong=0; private_global=0; IO mode=ap_none:ce=0
Port [ dbg_sample_count]:  wired=1; compound=0; hidden=0; nouse=0; global=0; static=0; extern=0; dir=1; type=0; pingpong=0; private_global=0; IO mode=ap_none:ce=0
Port [ dbg_chirp_start]:  wired=1; compound=0; hidden=0; nouse=0; global=0; static=0; extern=0; dir=1; type=0; pingpong=0; private_global=0; IO mode=ap_none:ce=0
Port [ dbg_chirp_end]:  wired=1; compound=0; hidden=0; nouse=0; global=0; static=0; extern=0; dir=1; type=0; pingpong=0; private_global=0; IO mode=ap_none:ce=0
Port [ dbg_enable]:  wired=1; compound=0; hidden=0; nouse=0; global=0; static=0; extern=0; dir=1; type=0; pingpong=0; private_global=0; IO mode=ap_none:ce=0
Port [ dbg_state]:  wired=1; compound=0; hidden=0; nouse=0; global=0; static=0; extern=0; dir=1; type=0; pingpong=0; private_global=0; IO mode=ap_none:ce=0
Port [ LFM_IQ_LUT]:  wired=0; compound=1; hidden=1; nouse=0; global=1; static=1; extern=0; dir=0; type=1; pingpong=0; private_global=1; MemPort=[1]; IO mode=ap_memory:ce=0
---------------- STG Properties END ------------------

---------------- Datapath Model BEGIN ----------------

<LifeTime>
<method=bitvector/>
indvar_flatten2          (alloca             ) [ 0100]
chirp3                   (alloca             ) [ 0100]
sample4                  (alloca             ) [ 0100]
chirp_16                 (alloca             ) [ 0100]
spectopmodule_ln22       (spectopmodule      ) [ 0000]
specinterface_ln0        (specinterface      ) [ 0000]
specbitsmap_ln0          (specbitsmap        ) [ 0000]
specbitsmap_ln0          (specbitsmap        ) [ 0000]
specbitsmap_ln0          (specbitsmap        ) [ 0000]
specbitsmap_ln0          (specbitsmap        ) [ 0000]
specbitsmap_ln0          (specbitsmap        ) [ 0000]
specinterface_ln0        (specinterface      ) [ 0000]
specbitsmap_ln0          (specbitsmap        ) [ 0000]
specinterface_ln0        (specinterface      ) [ 0000]
specbitsmap_ln0          (specbitsmap        ) [ 0000]
specinterface_ln0        (specinterface      ) [ 0000]
specbitsmap_ln0          (specbitsmap        ) [ 0000]
specinterface_ln0        (specinterface      ) [ 0000]
specbitsmap_ln0          (specbitsmap        ) [ 0000]
specinterface_ln0        (specinterface      ) [ 0000]
specbitsmap_ln0          (specbitsmap        ) [ 0000]
specinterface_ln0        (specinterface      ) [ 0000]
specbitsmap_ln0          (specbitsmap        ) [ 0000]
specinterface_ln0        (specinterface      ) [ 0000]
specbitsmap_ln0          (specbitsmap        ) [ 0000]
specinterface_ln0        (specinterface      ) [ 0000]
specbitsmap_ln0          (specbitsmap        ) [ 0000]
specinterface_ln0        (specinterface      ) [ 0000]
specinterface_ln0        (specinterface      ) [ 0000]
specaxissidechannel_ln53 (specaxissidechannel) [ 0000]
store_ln0                (store              ) [ 0000]
store_ln0                (store              ) [ 0000]
store_ln0                (store              ) [ 0000]
store_ln0                (store              ) [ 0000]
br_ln0                   (br                 ) [ 0000]
icmp_ln565               (phi                ) [ 0100]
indvar_flatten2_load     (load               ) [ 0000]
chirp3_load              (load               ) [ 0000]
sample4_load             (load               ) [ 0000]
chirp_16_load            (load               ) [ 0000]
select_ln53              (select             ) [ 0000]
chirp_2                  (select             ) [ 0000]
cmp13                    (icmp               ) [ 0000]
zext_ln56                (zext               ) [ 0000]
LFM_IQ_LUT_addr          (getelementptr      ) [ 0110]
icmp_ln72                (icmp               ) [ 0000]
tx_word_last             (and                ) [ 0111]
sample                   (add                ) [ 0000]
add_ln53                 (add                ) [ 0000]
icmp_ln56                (icmp               ) [ 0100]
chirp                    (add                ) [ 0000]
icmp_ln53                (icmp               ) [ 0111]
store_ln53               (store              ) [ 0000]
store_ln56               (store              ) [ 0000]
store_ln53               (store              ) [ 0000]
store_ln53               (store              ) [ 0000]
br_ln53                  (br                 ) [ 0100]
lut_word                 (load               ) [ 0000]
sext_ln59                (sext               ) [ 0101]
specloopname_ln0         (specloopname       ) [ 0000]
speclooptripcount_ln0    (speclooptripcount  ) [ 0000]
specpipeline_ln57        (specpipeline       ) [ 0000]
write_ln82               (write              ) [ 0000]
write_ln74               (write              ) [ 0000]
write_ln75               (write              ) [ 0000]
write_ln76               (write              ) [ 0000]
write_ln77               (write              ) [ 0000]
write_ln78               (write              ) [ 0000]
write_ln79               (write              ) [ 0000]
write_ln80               (write              ) [ 0000]
write_ln86               (write              ) [ 0000]
write_ln87               (write              ) [ 0000]
ret_ln88                 (ret                ) [ 0000]
</LifeTime>

<model>

<comp_list>
<comp id="0" class="1000" name="m_axis_tx_V_data_V">
<pin_list>
<pin id="1" dir="1" index="0" bw="1" slack="0"/>
</pin_list>
<bind>
<StgValue><ssdm name="m_axis_tx_V_data_V"/></StgValue>
</bind>
</comp>

<comp id="2" class="1000" name="m_axis_tx_V_keep_V">
<pin_list>
<pin id="3" dir="1" index="0" bw="1" slack="0"/>
</pin_list>
<bind>
<StgValue><ssdm name="m_axis_tx_V_keep_V"/></StgValue>
</bind>
</comp>

<comp id="4" class="1000" name="m_axis_tx_V_strb_V">
<pin_list>
<pin id="5" dir="1" index="0" bw="1" slack="0"/>
</pin_list>
<bind>
<StgValue><ssdm name="m_axis_tx_V_strb_V"/></StgValue>
</bind>
</comp>

<comp id="6" class="1000" name="m_axis_tx_V_last_V">
<pin_list>
<pin id="7" dir="1" index="0" bw="1" slack="0"/>
</pin_list>
<bind>
<StgValue><ssdm name="m_axis_tx_V_last_V"/></StgValue>
</bind>
</comp>

<comp id="8" class="1000" name="dbg_lfm_i">
<pin_list>
<pin id="9" dir="1" index="0" bw="1" slack="0"/>
</pin_list>
<bind>
<StgValue><ssdm name="dbg_lfm_i"/></StgValue>
</bind>
</comp>

<comp id="10" class="1000" name="dbg_lfm_q">
<pin_list>
<pin id="11" dir="1" index="0" bw="1" slack="0"/>
</pin_list>
<bind>
<StgValue><ssdm name="dbg_lfm_q"/></StgValue>
</bind>
</comp>

<comp id="12" class="1000" name="dbg_tx_sel">
<pin_list>
<pin id="13" dir="1" index="0" bw="1" slack="0"/>
</pin_list>
<bind>
<StgValue><ssdm name="dbg_tx_sel"/></StgValue>
</bind>
</comp>

<comp id="14" class="1000" name="dbg_chirp_count">
<pin_list>
<pin id="15" dir="1" index="0" bw="1" slack="0"/>
</pin_list>
<bind>
<StgValue><ssdm name="dbg_chirp_count"/></StgValue>
</bind>
</comp>

<comp id="16" class="1000" name="dbg_sample_count">
<pin_list>
<pin id="17" dir="1" index="0" bw="1" slack="0"/>
</pin_list>
<bind>
<StgValue><ssdm name="dbg_sample_count"/></StgValue>
</bind>
</comp>

<comp id="18" class="1000" name="dbg_chirp_start">
<pin_list>
<pin id="19" dir="1" index="0" bw="1" slack="0"/>
</pin_list>
<bind>
<StgValue><ssdm name="dbg_chirp_start"/></StgValue>
</bind>
</comp>

<comp id="20" class="1000" name="dbg_chirp_end">
<pin_list>
<pin id="21" dir="1" index="0" bw="1" slack="0"/>
</pin_list>
<bind>
<StgValue><ssdm name="dbg_chirp_end"/></StgValue>
</bind>
</comp>

<comp id="22" class="1000" name="dbg_enable">
<pin_list>
<pin id="23" dir="1" index="0" bw="1" slack="0"/>
</pin_list>
<bind>
<StgValue><ssdm name="dbg_enable"/></StgValue>
</bind>
</comp>

<comp id="24" class="1000" name="dbg_state">
<pin_list>
<pin id="25" dir="1" index="0" bw="1" slack="0"/>
</pin_list>
<bind>
<StgValue><ssdm name="dbg_state"/></StgValue>
</bind>
</comp>

<comp id="26" class="1000" name="LFM_IQ_LUT">
<pin_list>
<pin id="27" dir="1" index="0" bw="1" slack="0"/>
</pin_list>
<bind>
<StgValue><ssdm name="LFM_IQ_LUT"/><MemPortTyVec>1 </MemPortTyVec>
</StgValue>
</bind>
</comp>

<comp id="28" class="1001" name="const_28">
<pin_list>
<pin id="29" dir="1" index="0" bw="1" slack="0"/>
</pin_list>
<bind>
<StgValue><ssdm name=""/></StgValue>
</bind>
</comp>

<comp id="30" class="1001" name="const_30">
<pin_list>
<pin id="31" dir="1" index="0" bw="1" slack="2147483647"/>
</pin_list>
<bind>
<StgValue><ssdm name="_ssdm_op_SpecTopModule"/></StgValue>
</bind>
</comp>

<comp id="32" class="1001" name="const_32">
<pin_list>
<pin id="33" dir="1" index="0" bw="1" slack="2147483647"/>
</pin_list>
<bind>
<StgValue><ssdm name="empty_6"/></StgValue>
</bind>
</comp>

<comp id="34" class="1001" name="const_34">
<pin_list>
<pin id="35" dir="1" index="0" bw="1" slack="2147483647"/>
</pin_list>
<bind>
<StgValue><ssdm name="_ssdm_op_SpecInterface"/></StgValue>
</bind>
</comp>

<comp id="36" class="1001" name="const_36">
<pin_list>
<pin id="37" dir="1" index="0" bw="1" slack="2147483647"/>
</pin_list>
<bind>
<StgValue><ssdm name="empty"/></StgValue>
</bind>
</comp>

<comp id="38" class="1001" name="const_38">
<pin_list>
<pin id="39" dir="1" index="0" bw="1" slack="2147483647"/>
</pin_list>
<bind>
<StgValue><ssdm name="empty_0"/></StgValue>
</bind>
</comp>

<comp id="40" class="1001" name="const_40">
<pin_list>
<pin id="41" dir="1" index="0" bw="1" slack="2147483647"/>
</pin_list>
<bind>
<StgValue><ssdm name=""/></StgValue>
</bind>
</comp>

<comp id="42" class="1001" name="const_42">
<pin_list>
<pin id="43" dir="1" index="0" bw="1" slack="2147483647"/>
</pin_list>
<bind>
<StgValue><ssdm name="empty_1"/></StgValue>
</bind>
</comp>

<comp id="44" class="1001" name="const_44">
<pin_list>
<pin id="45" dir="1" index="0" bw="1" slack="2147483647"/>
</pin_list>
<bind>
<StgValue><ssdm name=""/></StgValue>
</bind>
</comp>

<comp id="46" class="1001" name="const_46">
<pin_list>
<pin id="47" dir="1" index="0" bw="1" slack="2147483647"/>
</pin_list>
<bind>
<StgValue><ssdm name="_ssdm_op_SpecBitsMap"/></StgValue>
</bind>
</comp>

<comp id="48" class="1001" name="const_48">
<pin_list>
<pin id="49" dir="1" index="0" bw="1" slack="2147483647"/>
</pin_list>
<bind>
<StgValue><ssdm name="empty_2"/></StgValue>
</bind>
</comp>

<comp id="50" class="1001" name="const_50">
<pin_list>
<pin id="51" dir="1" index="0" bw="1" slack="2147483647"/>
</pin_list>
<bind>
<StgValue><ssdm name="empty_3"/></StgValue>
</bind>
</comp>

<comp id="52" class="1001" name="const_52">
<pin_list>
<pin id="53" dir="1" index="0" bw="1" slack="2147483647"/>
</pin_list>
<bind>
<StgValue><ssdm name="empty_4"/></StgValue>
</bind>
</comp>

<comp id="54" class="1001" name="const_54">
<pin_list>
<pin id="55" dir="1" index="0" bw="1" slack="2147483647"/>
</pin_list>
<bind>
<StgValue><ssdm name="_ssdm_op_SpecAXISSideChannel"/></StgValue>
</bind>
</comp>

<comp id="56" class="1001" name="const_56">
<pin_list>
<pin id="57" dir="1" index="0" bw="1" slack="2147483647"/>
</pin_list>
<bind>
<StgValue><ssdm name=""/></StgValue>
</bind>
</comp>

<comp id="58" class="1001" name="const_58">
<pin_list>
<pin id="59" dir="1" index="0" bw="1" slack="2147483647"/>
</pin_list>
<bind>
<StgValue><ssdm name="empty_5"/></StgValue>
</bind>
</comp>

<comp id="60" class="1001" name="const_60">
<pin_list>
<pin id="61" dir="1" index="0" bw="1" slack="0"/>
</pin_list>
<bind>
<StgValue><ssdm name=""/></StgValue>
</bind>
</comp>

<comp id="62" class="1001" name="const_62">
<pin_list>
<pin id="63" dir="1" index="0" bw="1" slack="0"/>
</pin_list>
<bind>
<StgValue><ssdm name=""/></StgValue>
</bind>
</comp>

<comp id="64" class="1001" name="const_64">
<pin_list>
<pin id="65" dir="1" index="0" bw="1" slack="0"/>
</pin_list>
<bind>
<StgValue><ssdm name=""/></StgValue>
</bind>
</comp>

<comp id="66" class="1001" name="const_66">
<pin_list>
<pin id="67" dir="1" index="0" bw="1" slack="0"/>
</pin_list>
<bind>
<StgValue><ssdm name=""/></StgValue>
</bind>
</comp>

<comp id="68" class="1001" name="const_68">
<pin_list>
<pin id="69" dir="1" index="0" bw="1" slack="0"/>
</pin_list>
<bind>
<StgValue><ssdm name=""/></StgValue>
</bind>
</comp>

<comp id="70" class="1001" name="const_70">
<pin_list>
<pin id="71" dir="1" index="0" bw="1" slack="0"/>
</pin_list>
<bind>
<StgValue><ssdm name=""/></StgValue>
</bind>
</comp>

<comp id="72" class="1001" name="const_72">
<pin_list>
<pin id="73" dir="1" index="0" bw="1" slack="0"/>
</pin_list>
<bind>
<StgValue><ssdm name=""/></StgValue>
</bind>
</comp>

<comp id="74" class="1001" name="const_74">
<pin_list>
<pin id="75" dir="1" index="0" bw="1" slack="0"/>
</pin_list>
<bind>
<StgValue><ssdm name=""/></StgValue>
</bind>
</comp>

<comp id="76" class="1001" name="const_76">
<pin_list>
<pin id="77" dir="1" index="0" bw="1" slack="0"/>
</pin_list>
<bind>
<StgValue><ssdm name=""/></StgValue>
</bind>
</comp>

<comp id="78" class="1001" name="const_78">
<pin_list>
<pin id="79" dir="1" index="0" bw="1" slack="0"/>
</pin_list>
<bind>
<StgValue><ssdm name=""/></StgValue>
</bind>
</comp>

<comp id="80" class="1001" name="const_80">
<pin_list>
<pin id="81" dir="1" index="0" bw="1" slack="0"/>
</pin_list>
<bind>
<StgValue><ssdm name=""/></StgValue>
</bind>
</comp>

<comp id="82" class="1001" name="const_82">
<pin_list>
<pin id="83" dir="1" index="0" bw="1" slack="0"/>
</pin_list>
<bind>
<StgValue><ssdm name=""/></StgValue>
</bind>
</comp>

<comp id="84" class="1001" name="const_84">
<pin_list>
<pin id="85" dir="1" index="0" bw="1" slack="0"/>
</pin_list>
<bind>
<StgValue><ssdm name="_ssdm_op_Write.axis.volatile.i32P0A.i4P0A.i4P0A.i1P0A"/></StgValue>
</bind>
</comp>

<comp id="86" class="1001" name="const_86">
<pin_list>
<pin id="87" dir="1" index="0" bw="1" slack="0"/>
</pin_list>
<bind>
<StgValue><ssdm name=""/></StgValue>
</bind>
</comp>

<comp id="88" class="1001" name="const_88">
<pin_list>
<pin id="89" dir="1" index="0" bw="1" slack="2147483647"/>
</pin_list>
<bind>
<StgValue><ssdm name="_ssdm_op_SpecLoopName"/></StgValue>
</bind>
</comp>

<comp id="90" class="1001" name="const_90">
<pin_list>
<pin id="91" dir="1" index="0" bw="1" slack="2147483647"/>
</pin_list>
<bind>
<StgValue><ssdm name="VITIS_LOOP_53_1_VITIS_LOOP_56_2_str"/></StgValue>
</bind>
</comp>

<comp id="92" class="1001" name="const_92">
<pin_list>
<pin id="93" dir="1" index="0" bw="1" slack="2147483647"/>
</pin_list>
<bind>
<StgValue><ssdm name="_ssdm_op_SpecLoopTripCount"/></StgValue>
</bind>
</comp>

<comp id="94" class="1001" name="const_94">
<pin_list>
<pin id="95" dir="1" index="0" bw="1" slack="2147483647"/>
</pin_list>
<bind>
<StgValue><ssdm name=""/></StgValue>
</bind>
</comp>

<comp id="96" class="1001" name="const_96">
<pin_list>
<pin id="97" dir="1" index="0" bw="1" slack="2147483647"/>
</pin_list>
<bind>
<StgValue><ssdm name="_ssdm_op_SpecPipeline"/></StgValue>
</bind>
</comp>

<comp id="98" class="1001" name="const_98">
<pin_list>
<pin id="99" dir="1" index="0" bw="1" slack="0"/>
</pin_list>
<bind>
<StgValue><ssdm name="_ssdm_op_Write.ap_none.i16P0A"/></StgValue>
</bind>
</comp>

<comp id="100" class="1001" name="const_100">
<pin_list>
<pin id="101" dir="1" index="0" bw="1" slack="0"/>
</pin_list>
<bind>
<StgValue><ssdm name=""/></StgValue>
</bind>
</comp>

<comp id="102" class="1001" name="const_102">
<pin_list>
<pin id="103" dir="1" index="0" bw="1" slack="0"/>
</pin_list>
<bind>
<StgValue><ssdm name=""/></StgValue>
</bind>
</comp>

<comp id="104" class="1001" name="const_104">
<pin_list>
<pin id="105" dir="1" index="0" bw="1" slack="0"/>
</pin_list>
<bind>
<StgValue><ssdm name="_ssdm_op_Write.ap_none.i2P0A"/></StgValue>
</bind>
</comp>

<comp id="106" class="1001" name="const_106">
<pin_list>
<pin id="107" dir="1" index="0" bw="1" slack="0"/>
</pin_list>
<bind>
<StgValue><ssdm name=""/></StgValue>
</bind>
</comp>

<comp id="108" class="1001" name="const_108">
<pin_list>
<pin id="109" dir="1" index="0" bw="1" slack="0"/>
</pin_list>
<bind>
<StgValue><ssdm name=""/></StgValue>
</bind>
</comp>

<comp id="110" class="1001" name="const_110">
<pin_list>
<pin id="111" dir="1" index="0" bw="1" slack="0"/>
</pin_list>
<bind>
<StgValue><ssdm name=""/></StgValue>
</bind>
</comp>

<comp id="112" class="1001" name="const_112">
<pin_list>
<pin id="113" dir="1" index="0" bw="1" slack="0"/>
</pin_list>
<bind>
<StgValue><ssdm name="_ssdm_op_Write.ap_none.i1P0A"/></StgValue>
</bind>
</comp>

<comp id="114" class="1001" name="const_114">
<pin_list>
<pin id="115" dir="1" index="0" bw="1" slack="0"/>
</pin_list>
<bind>
<StgValue><ssdm name=""/></StgValue>
</bind>
</comp>

<comp id="116" class="1001" name="const_116">
<pin_list>
<pin id="117" dir="1" index="0" bw="1" slack="0"/>
</pin_list>
<bind>
<StgValue><ssdm name="_ssdm_op_Write.ap_none.i3P0A"/></StgValue>
</bind>
</comp>

<comp id="118" class="1004" name="indvar_flatten2_fu_118">
<pin_list>
<pin id="119" dir="0" index="0" bw="1" slack="0"/>
<pin id="120" dir="1" index="1" bw="12" slack="0"/>
</pin_list>
<bind>
<opcode="alloca(26) " fcode="alloca"/>
<opset="indvar_flatten2/1 "/>
</bind>
</comp>

<comp id="122" class="1004" name="chirp3_fu_122">
<pin_list>
<pin id="123" dir="0" index="0" bw="1" slack="0"/>
<pin id="124" dir="1" index="1" bw="3" slack="0"/>
</pin_list>
<bind>
<opcode="alloca(26) " fcode="alloca"/>
<opset="chirp3/1 "/>
</bind>
</comp>

<comp id="126" class="1004" name="sample4_fu_126">
<pin_list>
<pin id="127" dir="0" index="0" bw="1" slack="0"/>
<pin id="128" dir="1" index="1" bw="11" slack="0"/>
</pin_list>
<bind>
<opcode="alloca(26) " fcode="alloca"/>
<opset="sample4/1 "/>
</bind>
</comp>

<comp id="130" class="1004" name="chirp_16_fu_130">
<pin_list>
<pin id="131" dir="0" index="0" bw="1" slack="0"/>
<pin id="132" dir="1" index="1" bw="3" slack="0"/>
</pin_list>
<bind>
<opcode="alloca(26) " fcode="alloca"/>
<opset="chirp_16/1 "/>
</bind>
</comp>

<comp id="134" class="1004" name="grp_write_fu_134">
<pin_list>
<pin id="135" dir="0" index="0" bw="0" slack="0"/>
<pin id="136" dir="0" index="1" bw="32" slack="0"/>
<pin id="137" dir="0" index="2" bw="4" slack="0"/>
<pin id="138" dir="0" index="3" bw="4" slack="0"/>
<pin id="139" dir="0" index="4" bw="1" slack="0"/>
<pin id="140" dir="0" index="5" bw="31" slack="0"/>
<pin id="141" dir="0" index="6" bw="1" slack="0"/>
<pin id="142" dir="0" index="7" bw="1" slack="0"/>
<pin id="143" dir="0" index="8" bw="1" slack="1"/>
<pin id="144" dir="1" index="9" bw="0" slack="2147483647"/>
</pin_list>
<bind>
<opcode="write(1151) " fcode="write"/>
<opset="write_ln82/2 "/>
</bind>
</comp>

<comp id="152" class="1004" name="write_ln74_write_fu_152">
<pin_list>
<pin id="153" dir="0" index="0" bw="0" slack="0"/>
<pin id="154" dir="0" index="1" bw="16" slack="0"/>
<pin id="155" dir="0" index="2" bw="15" slack="0"/>
<pin id="156" dir="1" index="3" bw="0" slack="2147483647"/>
</pin_list>
<bind>
<opcode="write(1151) " fcode="write"/>
<opset="write_ln74/3 "/>
</bind>
</comp>

<comp id="160" class="1004" name="write_ln75_write_fu_160">
<pin_list>
<pin id="161" dir="0" index="0" bw="0" slack="0"/>
<pin id="162" dir="0" index="1" bw="16" slack="0"/>
<pin id="163" dir="0" index="2" bw="13" slack="0"/>
<pin id="164" dir="1" index="3" bw="0" slack="2147483647"/>
</pin_list>
<bind>
<opcode="write(1151) " fcode="write"/>
<opset="write_ln75/3 "/>
</bind>
</comp>

<comp id="168" class="1004" name="write_ln76_write_fu_168">
<pin_list>
<pin id="169" dir="0" index="0" bw="0" slack="0"/>
<pin id="170" dir="0" index="1" bw="2" slack="0"/>
<pin id="171" dir="0" index="2" bw="1" slack="0"/>
<pin id="172" dir="1" index="3" bw="0" slack="2147483647"/>
</pin_list>
<bind>
<opcode="write(1151) " fcode="write"/>
<opset="write_ln76/3 "/>
</bind>
</comp>

<comp id="176" class="1004" name="write_ln77_write_fu_176">
<pin_list>
<pin id="177" dir="0" index="0" bw="0" slack="0"/>
<pin id="178" dir="0" index="1" bw="16" slack="0"/>
<pin id="179" dir="0" index="2" bw="3" slack="0"/>
<pin id="180" dir="1" index="3" bw="0" slack="2147483647"/>
</pin_list>
<bind>
<opcode="write(1151) " fcode="write"/>
<opset="write_ln77/3 "/>
</bind>
</comp>

<comp id="184" class="1004" name="write_ln78_write_fu_184">
<pin_list>
<pin id="185" dir="0" index="0" bw="0" slack="0"/>
<pin id="186" dir="0" index="1" bw="16" slack="0"/>
<pin id="187" dir="0" index="2" bw="11" slack="0"/>
<pin id="188" dir="1" index="3" bw="0" slack="2147483647"/>
</pin_list>
<bind>
<opcode="write(1151) " fcode="write"/>
<opset="write_ln78/3 "/>
</bind>
</comp>

<comp id="192" class="1004" name="write_ln79_write_fu_192">
<pin_list>
<pin id="193" dir="0" index="0" bw="0" slack="0"/>
<pin id="194" dir="0" index="1" bw="1" slack="0"/>
<pin id="195" dir="0" index="2" bw="1" slack="0"/>
<pin id="196" dir="1" index="3" bw="0" slack="2147483647"/>
</pin_list>
<bind>
<opcode="write(1151) " fcode="write"/>
<opset="write_ln79/3 "/>
</bind>
</comp>

<comp id="200" class="1004" name="write_ln80_write_fu_200">
<pin_list>
<pin id="201" dir="0" index="0" bw="0" slack="0"/>
<pin id="202" dir="0" index="1" bw="1" slack="0"/>
<pin id="203" dir="0" index="2" bw="1" slack="0"/>
<pin id="204" dir="1" index="3" bw="0" slack="2147483647"/>
</pin_list>
<bind>
<opcode="write(1151) " fcode="write"/>
<opset="write_ln80/3 "/>
</bind>
</comp>

<comp id="208" class="1004" name="write_ln86_write_fu_208">
<pin_list>
<pin id="209" dir="0" index="0" bw="0" slack="0"/>
<pin id="210" dir="0" index="1" bw="1" slack="0"/>
<pin id="211" dir="0" index="2" bw="1" slack="0"/>
<pin id="212" dir="1" index="3" bw="0" slack="2147483647"/>
</pin_list>
<bind>
<opcode="write(1151) " fcode="write"/>
<opset="write_ln86/3 "/>
</bind>
</comp>

<comp id="216" class="1004" name="write_ln87_write_fu_216">
<pin_list>
<pin id="217" dir="0" index="0" bw="0" slack="0"/>
<pin id="218" dir="0" index="1" bw="3" slack="0"/>
<pin id="219" dir="0" index="2" bw="1" slack="0"/>
<pin id="220" dir="1" index="3" bw="0" slack="2147483647"/>
</pin_list>
<bind>
<opcode="write(1151) " fcode="write"/>
<opset="write_ln87/3 "/>
</bind>
</comp>

<comp id="224" class="1004" name="LFM_IQ_LUT_addr_gep_fu_224">
<pin_list>
<pin id="225" dir="0" index="0" bw="31" slack="0"/>
<pin id="226" dir="0" index="1" bw="1" slack="0"/>
<pin id="227" dir="0" index="2" bw="11" slack="0"/>
<pin id="228" dir="1" index="3" bw="10" slack="0"/>
</pin_list>
<bind>
<opcode="getelementptr(29) " fcode="getelementptr"/>
<opset="LFM_IQ_LUT_addr/1 "/>
</bind>
</comp>

<comp id="231" class="1004" name="grp_access_fu_231">
<pin_list>
<pin id="232" dir="0" index="0" bw="10" slack="0"/>
<pin id="233" dir="0" index="1" bw="31" slack="2147483647"/>
<pin id="234" dir="0" index="2" bw="0" slack="2147483647"/>
<pin id="235" dir="1" index="3" bw="31" slack="0"/>
</pin_list>
<bind>
<opcode="load(27) " fcode="load"/>
<opset="lut_word/1 "/>
</bind>
</comp>

<comp id="237" class="1005" name="icmp_ln565_reg_237">
<pin_list>
<pin id="238" dir="0" index="0" bw="1" slack="2147483647"/>
<pin id="239" dir="1" index="1" bw="1" slack="2147483647"/>
</pin_list>
<bind>
<opset="icmp_ln565 (phireg) "/>
</bind>
</comp>

<comp id="240" class="1004" name="icmp_ln565_phi_fu_240">
<pin_list>
<pin id="241" dir="0" index="0" bw="1" slack="0"/>
<pin id="242" dir="0" index="1" bw="0" slack="2147483647"/>
<pin id="243" dir="0" index="2" bw="1" slack="0"/>
<pin id="244" dir="0" index="3" bw="0" slack="2147483647"/>
<pin id="245" dir="1" index="4" bw="1" slack="0"/>
</pin_list>
<bind>
<opcode="phi(47) " fcode="phi"/>
<opset="icmp_ln565/1 "/>
</bind>
</comp>

<comp id="247" class="1004" name="store_ln0_store_fu_247">
<pin_list>
<pin id="248" dir="0" index="0" bw="1" slack="0"/>
<pin id="249" dir="0" index="1" bw="3" slack="0"/>
<pin id="250" dir="1" index="2" bw="0" slack="2147483647"/>
</pin_list>
<bind>
<opcode="store(28) " fcode="store"/>
<opset="store_ln0/1 "/>
</bind>
</comp>

<comp id="252" class="1004" name="store_ln0_store_fu_252">
<pin_list>
<pin id="253" dir="0" index="0" bw="1" slack="0"/>
<pin id="254" dir="0" index="1" bw="11" slack="0"/>
<pin id="255" dir="1" index="2" bw="0" slack="2147483647"/>
</pin_list>
<bind>
<opcode="store(28) " fcode="store"/>
<opset="store_ln0/1 "/>
</bind>
</comp>

<comp id="257" class="1004" name="store_ln0_store_fu_257">
<pin_list>
<pin id="258" dir="0" index="0" bw="1" slack="0"/>
<pin id="259" dir="0" index="1" bw="3" slack="0"/>
<pin id="260" dir="1" index="2" bw="0" slack="2147483647"/>
</pin_list>
<bind>
<opcode="store(28) " fcode="store"/>
<opset="store_ln0/1 "/>
</bind>
</comp>

<comp id="262" class="1004" name="store_ln0_store_fu_262">
<pin_list>
<pin id="263" dir="0" index="0" bw="1" slack="0"/>
<pin id="264" dir="0" index="1" bw="12" slack="0"/>
<pin id="265" dir="1" index="2" bw="0" slack="2147483647"/>
</pin_list>
<bind>
<opcode="store(28) " fcode="store"/>
<opset="store_ln0/1 "/>
</bind>
</comp>

<comp id="267" class="1004" name="indvar_flatten2_load_load_fu_267">
<pin_list>
<pin id="268" dir="0" index="0" bw="12" slack="0"/>
<pin id="269" dir="1" index="1" bw="12" slack="0"/>
</pin_list>
<bind>
<opcode="load(27) " fcode="load"/>
<opset="indvar_flatten2_load/1 "/>
</bind>
</comp>

<comp id="270" class="1004" name="chirp3_load_load_fu_270">
<pin_list>
<pin id="271" dir="0" index="0" bw="3" slack="0"/>
<pin id="272" dir="1" index="1" bw="3" slack="0"/>
</pin_list>
<bind>
<opcode="load(27) " fcode="load"/>
<opset="chirp3_load/1 "/>
</bind>
</comp>

<comp id="273" class="1004" name="sample4_load_load_fu_273">
<pin_list>
<pin id="274" dir="0" index="0" bw="11" slack="0"/>
<pin id="275" dir="1" index="1" bw="11" slack="0"/>
</pin_list>
<bind>
<opcode="load(27) " fcode="load"/>
<opset="sample4_load/1 "/>
</bind>
</comp>

<comp id="276" class="1004" name="chirp_16_load_load_fu_276">
<pin_list>
<pin id="277" dir="0" index="0" bw="3" slack="0"/>
<pin id="278" dir="1" index="1" bw="3" slack="0"/>
</pin_list>
<bind>
<opcode="load(27) " fcode="load"/>
<opset="chirp_16_load/1 "/>
</bind>
</comp>

<comp id="279" class="1004" name="select_ln53_fu_279">
<pin_list>
<pin id="280" dir="0" index="0" bw="1" slack="0"/>
<pin id="281" dir="0" index="1" bw="1" slack="0"/>
<pin id="282" dir="0" index="2" bw="11" slack="0"/>
<pin id="283" dir="1" index="3" bw="11" slack="0"/>
</pin_list>
<bind>
<opcode="select(49) " fcode="select"/>
<opset="select_ln53/1 "/>
</bind>
</comp>

<comp id="287" class="1004" name="chirp_2_fu_287">
<pin_list>
<pin id="288" dir="0" index="0" bw="1" slack="0"/>
<pin id="289" dir="0" index="1" bw="3" slack="0"/>
<pin id="290" dir="0" index="2" bw="3" slack="0"/>
<pin id="291" dir="1" index="3" bw="3" slack="0"/>
</pin_list>
<bind>
<opcode="select(49) " fcode="select"/>
<opset="chirp_2/1 "/>
</bind>
</comp>

<comp id="295" class="1004" name="cmp13_fu_295">
<pin_list>
<pin id="296" dir="0" index="0" bw="3" slack="0"/>
<pin id="297" dir="0" index="1" bw="3" slack="0"/>
<pin id="298" dir="1" index="2" bw="1" slack="0"/>
</pin_list>
<bind>
<opcode="icmp(45) " fcode="icmp"/>
<opset="cmp13/1 "/>
</bind>
</comp>

<comp id="301" class="1004" name="zext_ln56_fu_301">
<pin_list>
<pin id="302" dir="0" index="0" bw="11" slack="0"/>
<pin id="303" dir="1" index="1" bw="64" slack="0"/>
</pin_list>
<bind>
<opcode="zext(34) " fcode="zext"/>
<opset="zext_ln56/1 "/>
</bind>
</comp>

<comp id="306" class="1004" name="icmp_ln72_fu_306">
<pin_list>
<pin id="307" dir="0" index="0" bw="11" slack="0"/>
<pin id="308" dir="0" index="1" bw="11" slack="0"/>
<pin id="309" dir="1" index="2" bw="1" slack="0"/>
</pin_list>
<bind>
<opcode="icmp(45) " fcode="icmp"/>
<opset="icmp_ln72/1 "/>
</bind>
</comp>

<comp id="312" class="1004" name="tx_word_last_fu_312">
<pin_list>
<pin id="313" dir="0" index="0" bw="1" slack="0"/>
<pin id="314" dir="0" index="1" bw="1" slack="0"/>
<pin id="315" dir="1" index="2" bw="1" slack="1"/>
</pin_list>
<bind>
<opcode="and(23) " fcode="and"/>
<opset="tx_word_last/1 "/>
</bind>
</comp>

<comp id="318" class="1004" name="sample_fu_318">
<pin_list>
<pin id="319" dir="0" index="0" bw="11" slack="0"/>
<pin id="320" dir="0" index="1" bw="1" slack="0"/>
<pin id="321" dir="1" index="2" bw="11" slack="0"/>
</pin_list>
<bind>
<opcode="add(8) " fcode="add"/>
<opset="sample/1 "/>
</bind>
</comp>

<comp id="324" class="1004" name="add_ln53_fu_324">
<pin_list>
<pin id="325" dir="0" index="0" bw="12" slack="0"/>
<pin id="326" dir="0" index="1" bw="1" slack="0"/>
<pin id="327" dir="1" index="2" bw="12" slack="0"/>
</pin_list>
<bind>
<opcode="add(8) " fcode="add"/>
<opset="add_ln53/1 "/>
</bind>
</comp>

<comp id="330" class="1004" name="icmp_ln56_fu_330">
<pin_list>
<pin id="331" dir="0" index="0" bw="11" slack="0"/>
<pin id="332" dir="0" index="1" bw="11" slack="0"/>
<pin id="333" dir="1" index="2" bw="1" slack="0"/>
</pin_list>
<bind>
<opcode="icmp(45) " fcode="icmp"/>
<opset="icmp_ln56/1 "/>
</bind>
</comp>

<comp id="336" class="1004" name="chirp_fu_336">
<pin_list>
<pin id="337" dir="0" index="0" bw="3" slack="0"/>
<pin id="338" dir="0" index="1" bw="1" slack="0"/>
<pin id="339" dir="1" index="2" bw="3" slack="0"/>
</pin_list>
<bind>
<opcode="add(8) " fcode="add"/>
<opset="chirp/1 "/>
</bind>
</comp>

<comp id="342" class="1004" name="icmp_ln53_fu_342">
<pin_list>
<pin id="343" dir="0" index="0" bw="12" slack="0"/>
<pin id="344" dir="0" index="1" bw="1" slack="0"/>
<pin id="345" dir="1" index="2" bw="1" slack="1"/>
</pin_list>
<bind>
<opcode="icmp(45) " fcode="icmp"/>
<opset="icmp_ln53/1 "/>
</bind>
</comp>

<comp id="348" class="1004" name="store_ln53_store_fu_348">
<pin_list>
<pin id="349" dir="0" index="0" bw="3" slack="0"/>
<pin id="350" dir="0" index="1" bw="3" slack="0"/>
<pin id="351" dir="1" index="2" bw="0" slack="2147483647"/>
</pin_list>
<bind>
<opcode="store(28) " fcode="store"/>
<opset="store_ln53/1 "/>
</bind>
</comp>

<comp id="353" class="1004" name="store_ln56_store_fu_353">
<pin_list>
<pin id="354" dir="0" index="0" bw="11" slack="0"/>
<pin id="355" dir="0" index="1" bw="11" slack="0"/>
<pin id="356" dir="1" index="2" bw="0" slack="2147483647"/>
</pin_list>
<bind>
<opcode="store(28) " fcode="store"/>
<opset="store_ln56/1 "/>
</bind>
</comp>

<comp id="358" class="1004" name="store_ln53_store_fu_358">
<pin_list>
<pin id="359" dir="0" index="0" bw="3" slack="0"/>
<pin id="360" dir="0" index="1" bw="3" slack="0"/>
<pin id="361" dir="1" index="2" bw="0" slack="2147483647"/>
</pin_list>
<bind>
<opcode="store(28) " fcode="store"/>
<opset="store_ln53/1 "/>
</bind>
</comp>

<comp id="363" class="1004" name="store_ln53_store_fu_363">
<pin_list>
<pin id="364" dir="0" index="0" bw="12" slack="0"/>
<pin id="365" dir="0" index="1" bw="12" slack="0"/>
<pin id="366" dir="1" index="2" bw="0" slack="2147483647"/>
</pin_list>
<bind>
<opcode="store(28) " fcode="store"/>
<opset="store_ln53/1 "/>
</bind>
</comp>

<comp id="368" class="1004" name="sext_ln59_fu_368">
<pin_list>
<pin id="369" dir="0" index="0" bw="31" slack="0"/>
<pin id="370" dir="1" index="1" bw="32" slack="0"/>
</pin_list>
<bind>
<opcode="sext(35) " fcode="sext"/>
<opset="sext_ln59/2 "/>
</bind>
</comp>

<comp id="373" class="1005" name="indvar_flatten2_reg_373">
<pin_list>
<pin id="374" dir="0" index="0" bw="12" slack="0"/>
<pin id="375" dir="1" index="1" bw="12" slack="0"/>
</pin_list>
<bind>
<opset="indvar_flatten2 "/>
</bind>
</comp>

<comp id="380" class="1005" name="chirp3_reg_380">
<pin_list>
<pin id="381" dir="0" index="0" bw="3" slack="0"/>
<pin id="382" dir="1" index="1" bw="3" slack="0"/>
</pin_list>
<bind>
<opset="chirp3 "/>
</bind>
</comp>

<comp id="387" class="1005" name="sample4_reg_387">
<pin_list>
<pin id="388" dir="0" index="0" bw="11" slack="0"/>
<pin id="389" dir="1" index="1" bw="11" slack="0"/>
</pin_list>
<bind>
<opset="sample4 "/>
</bind>
</comp>

<comp id="394" class="1005" name="chirp_16_reg_394">
<pin_list>
<pin id="395" dir="0" index="0" bw="3" slack="0"/>
<pin id="396" dir="1" index="1" bw="3" slack="0"/>
</pin_list>
<bind>
<opset="chirp_16 "/>
</bind>
</comp>

<comp id="401" class="1005" name="LFM_IQ_LUT_addr_reg_401">
<pin_list>
<pin id="402" dir="0" index="0" bw="10" slack="1"/>
<pin id="403" dir="1" index="1" bw="10" slack="1"/>
</pin_list>
<bind>
<opset="LFM_IQ_LUT_addr "/>
</bind>
</comp>

<comp id="406" class="1005" name="tx_word_last_reg_406">
<pin_list>
<pin id="407" dir="0" index="0" bw="1" slack="1"/>
<pin id="408" dir="1" index="1" bw="1" slack="1"/>
</pin_list>
<bind>
<opset="tx_word_last "/>
</bind>
</comp>

<comp id="411" class="1005" name="icmp_ln56_reg_411">
<pin_list>
<pin id="412" dir="0" index="0" bw="1" slack="0"/>
<pin id="413" dir="1" index="1" bw="1" slack="0"/>
</pin_list>
<bind>
<opset="icmp_ln56 "/>
</bind>
</comp>

<comp id="416" class="1005" name="icmp_ln53_reg_416">
<pin_list>
<pin id="417" dir="0" index="0" bw="1" slack="1"/>
<pin id="418" dir="1" index="1" bw="1" slack="2147483647"/>
</pin_list>
<bind>
<opset="icmp_ln53 "/>
</bind>
</comp>

<comp id="420" class="1005" name="sext_ln59_reg_420">
<pin_list>
<pin id="421" dir="0" index="0" bw="32" slack="1"/>
<pin id="422" dir="1" index="1" bw="32" slack="1"/>
</pin_list>
<bind>
<opset="sext_ln59 "/>
</bind>
</comp>

</comp_list>

<net_list>
<net id="121"><net_src comp="28" pin="0"/><net_sink comp="118" pin=0"/></net>

<net id="125"><net_src comp="28" pin="0"/><net_sink comp="122" pin=0"/></net>

<net id="129"><net_src comp="28" pin="0"/><net_sink comp="126" pin=0"/></net>

<net id="133"><net_src comp="28" pin="0"/><net_sink comp="130" pin=0"/></net>

<net id="145"><net_src comp="84" pin="0"/><net_sink comp="134" pin=0"/></net>

<net id="146"><net_src comp="0" pin="0"/><net_sink comp="134" pin=1"/></net>

<net id="147"><net_src comp="2" pin="0"/><net_sink comp="134" pin=2"/></net>

<net id="148"><net_src comp="4" pin="0"/><net_sink comp="134" pin=3"/></net>

<net id="149"><net_src comp="6" pin="0"/><net_sink comp="134" pin=4"/></net>

<net id="150"><net_src comp="86" pin="0"/><net_sink comp="134" pin=6"/></net>

<net id="151"><net_src comp="86" pin="0"/><net_sink comp="134" pin=7"/></net>

<net id="157"><net_src comp="98" pin="0"/><net_sink comp="152" pin=0"/></net>

<net id="158"><net_src comp="8" pin="0"/><net_sink comp="152" pin=1"/></net>

<net id="159"><net_src comp="100" pin="0"/><net_sink comp="152" pin=2"/></net>

<net id="165"><net_src comp="98" pin="0"/><net_sink comp="160" pin=0"/></net>

<net id="166"><net_src comp="10" pin="0"/><net_sink comp="160" pin=1"/></net>

<net id="167"><net_src comp="102" pin="0"/><net_sink comp="160" pin=2"/></net>

<net id="173"><net_src comp="104" pin="0"/><net_sink comp="168" pin=0"/></net>

<net id="174"><net_src comp="12" pin="0"/><net_sink comp="168" pin=1"/></net>

<net id="175"><net_src comp="106" pin="0"/><net_sink comp="168" pin=2"/></net>

<net id="181"><net_src comp="98" pin="0"/><net_sink comp="176" pin=0"/></net>

<net id="182"><net_src comp="14" pin="0"/><net_sink comp="176" pin=1"/></net>

<net id="183"><net_src comp="108" pin="0"/><net_sink comp="176" pin=2"/></net>

<net id="189"><net_src comp="98" pin="0"/><net_sink comp="184" pin=0"/></net>

<net id="190"><net_src comp="16" pin="0"/><net_sink comp="184" pin=1"/></net>

<net id="191"><net_src comp="110" pin="0"/><net_sink comp="184" pin=2"/></net>

<net id="197"><net_src comp="112" pin="0"/><net_sink comp="192" pin=0"/></net>

<net id="198"><net_src comp="18" pin="0"/><net_sink comp="192" pin=1"/></net>

<net id="199"><net_src comp="68" pin="0"/><net_sink comp="192" pin=2"/></net>

<net id="205"><net_src comp="112" pin="0"/><net_sink comp="200" pin=0"/></net>

<net id="206"><net_src comp="20" pin="0"/><net_sink comp="200" pin=1"/></net>

<net id="207"><net_src comp="114" pin="0"/><net_sink comp="200" pin=2"/></net>

<net id="213"><net_src comp="112" pin="0"/><net_sink comp="208" pin=0"/></net>

<net id="214"><net_src comp="22" pin="0"/><net_sink comp="208" pin=1"/></net>

<net id="215"><net_src comp="68" pin="0"/><net_sink comp="208" pin=2"/></net>

<net id="221"><net_src comp="116" pin="0"/><net_sink comp="216" pin=0"/></net>

<net id="222"><net_src comp="24" pin="0"/><net_sink comp="216" pin=1"/></net>

<net id="223"><net_src comp="64" pin="0"/><net_sink comp="216" pin=2"/></net>

<net id="229"><net_src comp="26" pin="0"/><net_sink comp="224" pin=0"/></net>

<net id="230"><net_src comp="72" pin="0"/><net_sink comp="224" pin=1"/></net>

<net id="236"><net_src comp="224" pin="3"/><net_sink comp="231" pin=0"/></net>

<net id="246"><net_src comp="68" pin="0"/><net_sink comp="240" pin=0"/></net>

<net id="251"><net_src comp="60" pin="0"/><net_sink comp="247" pin=0"/></net>

<net id="256"><net_src comp="62" pin="0"/><net_sink comp="252" pin=0"/></net>

<net id="261"><net_src comp="64" pin="0"/><net_sink comp="257" pin=0"/></net>

<net id="266"><net_src comp="66" pin="0"/><net_sink comp="262" pin=0"/></net>

<net id="284"><net_src comp="240" pin="4"/><net_sink comp="279" pin=0"/></net>

<net id="285"><net_src comp="62" pin="0"/><net_sink comp="279" pin=1"/></net>

<net id="286"><net_src comp="273" pin="1"/><net_sink comp="279" pin=2"/></net>

<net id="292"><net_src comp="240" pin="4"/><net_sink comp="287" pin=0"/></net>

<net id="293"><net_src comp="276" pin="1"/><net_sink comp="287" pin=1"/></net>

<net id="294"><net_src comp="270" pin="1"/><net_sink comp="287" pin=2"/></net>

<net id="299"><net_src comp="287" pin="3"/><net_sink comp="295" pin=0"/></net>

<net id="300"><net_src comp="70" pin="0"/><net_sink comp="295" pin=1"/></net>

<net id="304"><net_src comp="279" pin="3"/><net_sink comp="301" pin=0"/></net>

<net id="305"><net_src comp="301" pin="1"/><net_sink comp="224" pin=2"/></net>

<net id="310"><net_src comp="279" pin="3"/><net_sink comp="306" pin=0"/></net>

<net id="311"><net_src comp="74" pin="0"/><net_sink comp="306" pin=1"/></net>

<net id="316"><net_src comp="295" pin="2"/><net_sink comp="312" pin=0"/></net>

<net id="317"><net_src comp="306" pin="2"/><net_sink comp="312" pin=1"/></net>

<net id="322"><net_src comp="279" pin="3"/><net_sink comp="318" pin=0"/></net>

<net id="323"><net_src comp="76" pin="0"/><net_sink comp="318" pin=1"/></net>

<net id="328"><net_src comp="267" pin="1"/><net_sink comp="324" pin=0"/></net>

<net id="329"><net_src comp="78" pin="0"/><net_sink comp="324" pin=1"/></net>

<net id="334"><net_src comp="318" pin="2"/><net_sink comp="330" pin=0"/></net>

<net id="335"><net_src comp="80" pin="0"/><net_sink comp="330" pin=1"/></net>

<net id="340"><net_src comp="287" pin="3"/><net_sink comp="336" pin=0"/></net>

<net id="341"><net_src comp="60" pin="0"/><net_sink comp="336" pin=1"/></net>

<net id="346"><net_src comp="267" pin="1"/><net_sink comp="342" pin=0"/></net>

<net id="347"><net_src comp="82" pin="0"/><net_sink comp="342" pin=1"/></net>

<net id="352"><net_src comp="336" pin="2"/><net_sink comp="348" pin=0"/></net>

<net id="357"><net_src comp="318" pin="2"/><net_sink comp="353" pin=0"/></net>

<net id="362"><net_src comp="287" pin="3"/><net_sink comp="358" pin=0"/></net>

<net id="367"><net_src comp="324" pin="2"/><net_sink comp="363" pin=0"/></net>

<net id="371"><net_src comp="231" pin="3"/><net_sink comp="368" pin=0"/></net>

<net id="372"><net_src comp="368" pin="1"/><net_sink comp="134" pin=5"/></net>

<net id="376"><net_src comp="118" pin="1"/><net_sink comp="373" pin=0"/></net>

<net id="377"><net_src comp="373" pin="1"/><net_sink comp="262" pin=1"/></net>

<net id="378"><net_src comp="373" pin="1"/><net_sink comp="267" pin=0"/></net>

<net id="379"><net_src comp="373" pin="1"/><net_sink comp="363" pin=1"/></net>

<net id="383"><net_src comp="122" pin="1"/><net_sink comp="380" pin=0"/></net>

<net id="384"><net_src comp="380" pin="1"/><net_sink comp="257" pin=1"/></net>

<net id="385"><net_src comp="380" pin="1"/><net_sink comp="270" pin=0"/></net>

<net id="386"><net_src comp="380" pin="1"/><net_sink comp="358" pin=1"/></net>

<net id="390"><net_src comp="126" pin="1"/><net_sink comp="387" pin=0"/></net>

<net id="391"><net_src comp="387" pin="1"/><net_sink comp="252" pin=1"/></net>

<net id="392"><net_src comp="387" pin="1"/><net_sink comp="273" pin=0"/></net>

<net id="393"><net_src comp="387" pin="1"/><net_sink comp="353" pin=1"/></net>

<net id="397"><net_src comp="130" pin="1"/><net_sink comp="394" pin=0"/></net>

<net id="398"><net_src comp="394" pin="1"/><net_sink comp="247" pin=1"/></net>

<net id="399"><net_src comp="394" pin="1"/><net_sink comp="276" pin=0"/></net>

<net id="400"><net_src comp="394" pin="1"/><net_sink comp="348" pin=1"/></net>

<net id="404"><net_src comp="224" pin="3"/><net_sink comp="401" pin=0"/></net>

<net id="405"><net_src comp="401" pin="1"/><net_sink comp="231" pin=0"/></net>

<net id="409"><net_src comp="312" pin="2"/><net_sink comp="406" pin=0"/></net>

<net id="410"><net_src comp="406" pin="1"/><net_sink comp="134" pin=8"/></net>

<net id="414"><net_src comp="330" pin="2"/><net_sink comp="411" pin=0"/></net>

<net id="415"><net_src comp="411" pin="1"/><net_sink comp="240" pin=2"/></net>

<net id="419"><net_src comp="342" pin="2"/><net_sink comp="416" pin=0"/></net>

<net id="423"><net_src comp="368" pin="1"/><net_sink comp="420" pin=0"/></net>

<net id="424"><net_src comp="420" pin="1"/><net_sink comp="134" pin=5"/></net>

</net_list>

</model> 
---------------- Datapath Model END ------------------

* FSMD analyzer results:
  - Output states:
	Port: m_axis_tx_V_data_V | {3 }
	Port: m_axis_tx_V_keep_V | {3 }
	Port: m_axis_tx_V_strb_V | {3 }
	Port: m_axis_tx_V_last_V | {3 }
	Port: dbg_lfm_i | {3 }
	Port: dbg_lfm_q | {3 }
	Port: dbg_tx_sel | {3 }
	Port: dbg_chirp_count | {3 }
	Port: dbg_sample_count | {3 }
	Port: dbg_chirp_start | {3 }
	Port: dbg_chirp_end | {3 }
	Port: dbg_enable | {3 }
	Port: dbg_state | {3 }
 - Input state : 
	Port: lfm_tdm_gen : LFM_IQ_LUT | {1 2 }
  - Chain level:
	State 1
		store_ln0 : 1
		store_ln0 : 1
		store_ln0 : 1
		store_ln0 : 1
		icmp_ln565 : 1
		indvar_flatten2_load : 1
		chirp3_load : 1
		sample4_load : 1
		chirp_16_load : 1
		select_ln53 : 2
		chirp_2 : 2
		cmp13 : 3
		zext_ln56 : 3
		LFM_IQ_LUT_addr : 4
		lut_word : 5
		icmp_ln72 : 3
		tx_word_last : 4
		sample : 3
		add_ln53 : 2
		icmp_ln56 : 4
		chirp : 3
		icmp_ln53 : 2
		store_ln53 : 4
		store_ln56 : 4
		store_ln53 : 3
		store_ln53 : 3
		br_ln53 : 3
	State 2
		sext_ln59 : 1
		write_ln82 : 2
	State 3


============================================================
+ Verbose Summary: Datapath Resource usage 
============================================================

* Functional unit list:
|----------|-------------------------|---------|---------|
| Operation|     Functional Unit     |    FF   |   LUT   |
|----------|-------------------------|---------|---------|
|          |       cmp13_fu_295      |    0    |    10   |
|   icmp   |     icmp_ln72_fu_306    |    0    |    18   |
|          |     icmp_ln56_fu_330    |    0    |    18   |
|          |     icmp_ln53_fu_342    |    0    |    19   |
|----------|-------------------------|---------|---------|
|          |      sample_fu_318      |    0    |    18   |
|    add   |     add_ln53_fu_324     |    0    |    19   |
|          |       chirp_fu_336      |    0    |    10   |
|----------|-------------------------|---------|---------|
|  select  |    select_ln53_fu_279   |    0    |    10   |
|          |      chirp_2_fu_287     |    0    |    3    |
|----------|-------------------------|---------|---------|
|    and   |   tx_word_last_fu_312   |    0    |    2    |
|----------|-------------------------|---------|---------|
|          |     grp_write_fu_134    |    0    |    0    |
|          | write_ln74_write_fu_152 |    0    |    0    |
|          | write_ln75_write_fu_160 |    0    |    0    |
|          | write_ln76_write_fu_168 |    0    |    0    |
|   write  | write_ln77_write_fu_176 |    0    |    0    |
|          | write_ln78_write_fu_184 |    0    |    0    |
|          | write_ln79_write_fu_192 |    0    |    0    |
|          | write_ln80_write_fu_200 |    0    |    0    |
|          | write_ln86_write_fu_208 |    0    |    0    |
|          | write_ln87_write_fu_216 |    0    |    0    |
|----------|-------------------------|---------|---------|
|   zext   |     zext_ln56_fu_301    |    0    |    0    |
|----------|-------------------------|---------|---------|
|   sext   |     sext_ln59_fu_368    |    0    |    0    |
|----------|-------------------------|---------|---------|
|   Total  |                         |    0    |   127   |
|----------|-------------------------|---------|---------|

Memories:
+----------+--------+--------+--------+
|          |  BRAM  |   FF   |   LUT  |
+----------+--------+--------+--------+
|LFM_IQ_LUT|    2   |    0   |    0   |
+----------+--------+--------+--------+
|   Total  |    2   |    0   |    0   |
+----------+--------+--------+--------+

* Register list:
+-----------------------+--------+
|                       |   FF   |
+-----------------------+--------+
|LFM_IQ_LUT_addr_reg_401|   10   |
|     chirp3_reg_380    |    3   |
|    chirp_16_reg_394   |    3   |
|   icmp_ln53_reg_416   |    1   |
|   icmp_ln565_reg_237  |    1   |
|   icmp_ln56_reg_411   |    1   |
|indvar_flatten2_reg_373|   12   |
|    sample4_reg_387    |   11   |
|   sext_ln59_reg_420   |   32   |
|  tx_word_last_reg_406 |    1   |
+-----------------------+--------+
|         Total         |   75   |
+-----------------------+--------+

* Multiplexer (MUX) list: 
|-------------------|------|------|------|--------||---------||---------||---------|
|        Comp       |  Pin | Size |  BW  | S x BW ||  Delay  ||    FF   ||   LUT   |
|-------------------|------|------|------|--------||---------||---------||---------|
|  grp_write_fu_134 |  p5  |   2  |  31  |   62   ||    0    ||    9    |
| grp_access_fu_231 |  p0  |   2  |  10  |   20   ||    0    ||    9    |
|-------------------|------|------|------|--------||---------||---------||---------|
|       Total       |      |      |      |   82   ||  0.854  ||    0    ||    18   |
|-------------------|------|------|------|--------||---------||---------||---------|



* Summary:
+-----------+--------+--------+--------+--------+
|           |  BRAM  |  Delay |   FF   |   LUT  |
+-----------+--------+--------+--------+--------+
|  Function |    -   |    -   |    0   |   127  |
|   Memory  |    2   |    -   |    0   |    0   |
|Multiplexer|    -   |    0   |    0   |   18   |
|  Register |    -   |    -   |   75   |    -   |
+-----------+--------+--------+--------+--------+
|   Total   |    2   |    0   |   75   |   145  |
+-----------+--------+--------+--------+--------+
