

================================================================
== Vitis HLS Report for 'lfm_tdm_gen'
================================================================
* Date:           Wed Jul  8 19:54:09 2026

* Version:        2024.2 (Build 5238294 on Nov  8 2024)
* Project:        lfm_tdm_gen
* Solution:       hls (Vivado IP Flow Target)
* Product family: zynquplusRFSOC
* Target device:  xczu48dr-fsvg1517-2-e


================================================================
== Performance Estimates
================================================================
+ Timing: 
    * Summary: 
    +--------+----------+----------+------------+
    |  Clock |  Target  | Estimated| Uncertainty|
    +--------+----------+----------+------------+
    |ap_clk  |  10.00 ns|  2.412 ns|     2.70 ns|
    +--------+----------+----------+------------+

+ Latency: 
    * Summary: 
    +---------+---------+-----------+-----------+------+------+------------------------------------------------+
    |  Latency (cycles) |   Latency (absolute)  |   Interval  |                    Pipeline                    |
    |   min   |   max   |    min    |    max    |  min |  max |                      Type                      |
    +---------+---------+-----------+-----------+------+------+------------------------------------------------+
    |     4107|     4107|  41.070 us|  41.070 us|  4096|  4096|  loop auto-rewind stp (delay=0 clock cycles(s))|
    +---------+---------+-----------+-----------+------+------+------------------------------------------------+

    + Detail: 
        * Instance: 
        N/A

        * Loop: 
        +-----------------------------------+---------+---------+----------+-----------+-----------+------+----------+
        |                                   |  Latency (cycles) | Iteration|  Initiation Interval  | Trip |          |
        |             Loop Name             |   min   |   max   |  Latency |  achieved |   target  | Count| Pipelined|
        +-----------------------------------+---------+---------+----------+-----------+-----------+------+----------+
        |- VITIS_LOOP_53_1_VITIS_LOOP_57_2  |     4105|     4105|        11|          1|          1|  4096|       yes|
        +-----------------------------------+---------+---------+----------+-----------+-----------+------+----------+

============================================================
+ Verbose Summary: Synthesis Manager
============================================================
InlineROM: 1
ExposeGlobal: 0
============================================================
+ Verbose Summary: CDFG Model
============================================================
IsTopModel: 1
ResetActiveHigh: 1
IsCombinational: 0
IsDatapathOnly: 0
HasWiredReturn: 1
HasMFsm: 2
HasVarLatency: 1
IsPipeline: 0
IsRtlPipelined: 0
IsInstanceOverlapped: 0
IsDontTouch: 0
HasImplIP: 0
IsGatedGlobalClock: 0

+ Individual pipeline summary: 
  * Pipeline-0: initiation interval (II) = 1, depth = 11


============================================================
+ Verbose Summary: Schedule
============================================================
* Number of FSM states : 11
* Pipeline : 1
  Pipeline-0 : II = 1, D = 11, States = { 1 2 3 4 5 6 7 8 9 10 11 }
* Dataflow Pipeline: 0

* FSM state transitions: 
1 --> 2 
2 --> 3 
3 --> 4 
4 --> 5 
5 --> 6 
6 --> 7 
7 --> 8 
8 --> 9 
9 --> 10 
10 --> 11 
11 --> 

* FSM state operations: 

State 1 <SV = 0> <Delay = 2.41>
ST_1 : Operation 14 [1/1] (0.00ns)   --->   "%indvar_flatten2 = alloca i32 1"   --->   Operation 14 'alloca' 'indvar_flatten2' <Predicate = true> <Delay = 0.00>
ST_1 : Operation 15 [1/1] (0.00ns)   --->   "%chirp3 = alloca i32 1"   --->   Operation 15 'alloca' 'chirp3' <Predicate = true> <Delay = 0.00>
ST_1 : Operation 16 [1/1] (0.00ns)   --->   "%sample4 = alloca i32 1"   --->   Operation 16 'alloca' 'sample4' <Predicate = true> <Delay = 0.00>
ST_1 : Operation 17 [1/1] (0.00ns)   --->   "%chirp_18 = alloca i32 1"   --->   Operation 17 'alloca' 'chirp_18' <Predicate = true> <Delay = 0.00>
ST_1 : Operation 18 [1/1] (0.00ns)   --->   "%spectopmodule_ln22 = spectopmodule void @_ssdm_op_SpecTopModule, void @empty_6" [lfm_tdm_gen.cpp:22]   --->   Operation 18 'spectopmodule' 'spectopmodule_ln22' <Predicate = true> <Delay = 0.00>
ST_1 : Operation 19 [1/1] (0.00ns)   --->   "%specinterface_ln0 = specinterface void @_ssdm_op_SpecInterface, i32 %m_axis_tx_V_data_V, i4 %m_axis_tx_V_keep_V, i4 %m_axis_tx_V_strb_V, i1 %m_axis_tx_V_last_V, void @empty, i32 1, i32 1, void @empty_0, i32 0, i32 0, void @empty_1, void @empty_1, void @empty_1, i32 0, i32 0, i32 0, i32 0, void @empty_1, void @empty_1, i32 4294967295, i32 0, i32 0"   --->   Operation 19 'specinterface' 'specinterface_ln0' <Predicate = true> <Delay = 0.00>
ST_1 : Operation 20 [1/1] (0.00ns)   --->   "%specbitsmap_ln0 = specbitsmap void @_ssdm_op_SpecBitsMap, i32 %m_axis_tx_V_data_V"   --->   Operation 20 'specbitsmap' 'specbitsmap_ln0' <Predicate = true> <Delay = 0.00>
ST_1 : Operation 21 [1/1] (0.00ns)   --->   "%specbitsmap_ln0 = specbitsmap void @_ssdm_op_SpecBitsMap, i4 %m_axis_tx_V_keep_V"   --->   Operation 21 'specbitsmap' 'specbitsmap_ln0' <Predicate = true> <Delay = 0.00>
ST_1 : Operation 22 [1/1] (0.00ns)   --->   "%specbitsmap_ln0 = specbitsmap void @_ssdm_op_SpecBitsMap, i4 %m_axis_tx_V_strb_V"   --->   Operation 22 'specbitsmap' 'specbitsmap_ln0' <Predicate = true> <Delay = 0.00>
ST_1 : Operation 23 [1/1] (0.00ns)   --->   "%specbitsmap_ln0 = specbitsmap void @_ssdm_op_SpecBitsMap, i1 %m_axis_tx_V_last_V"   --->   Operation 23 'specbitsmap' 'specbitsmap_ln0' <Predicate = true> <Delay = 0.00>
ST_1 : Operation 24 [1/1] (0.00ns)   --->   "%specbitsmap_ln0 = specbitsmap void @_ssdm_op_SpecBitsMap, i16 %dbg_lfm_i"   --->   Operation 24 'specbitsmap' 'specbitsmap_ln0' <Predicate = true> <Delay = 0.00>
ST_1 : Operation 25 [1/1] (0.00ns)   --->   "%specinterface_ln0 = specinterface void @_ssdm_op_SpecInterface, i16 %dbg_lfm_i, void @empty_2, i32 4294967295, i32 4294967295, void @empty_1, i32 0, i32 0, void @empty_1, void @empty_1, void @empty_1, i32 0, i32 0, i32 0, i32 0, void @empty_1, void @empty_1, i32 4294967295, i32 0, i32 0"   --->   Operation 25 'specinterface' 'specinterface_ln0' <Predicate = true> <Delay = 0.00>
ST_1 : Operation 26 [1/1] (0.00ns)   --->   "%specbitsmap_ln0 = specbitsmap void @_ssdm_op_SpecBitsMap, i16 %dbg_lfm_q"   --->   Operation 26 'specbitsmap' 'specbitsmap_ln0' <Predicate = true> <Delay = 0.00>
ST_1 : Operation 27 [1/1] (0.00ns)   --->   "%specinterface_ln0 = specinterface void @_ssdm_op_SpecInterface, i16 %dbg_lfm_q, void @empty_2, i32 4294967295, i32 4294967295, void @empty_1, i32 0, i32 0, void @empty_1, void @empty_1, void @empty_1, i32 0, i32 0, i32 0, i32 0, void @empty_1, void @empty_1, i32 4294967295, i32 0, i32 0"   --->   Operation 27 'specinterface' 'specinterface_ln0' <Predicate = true> <Delay = 0.00>
ST_1 : Operation 28 [1/1] (0.00ns)   --->   "%specbitsmap_ln0 = specbitsmap void @_ssdm_op_SpecBitsMap, i2 %dbg_tx_sel"   --->   Operation 28 'specbitsmap' 'specbitsmap_ln0' <Predicate = true> <Delay = 0.00>
ST_1 : Operation 29 [1/1] (0.00ns)   --->   "%specinterface_ln0 = specinterface void @_ssdm_op_SpecInterface, i2 %dbg_tx_sel, void @empty_2, i32 4294967295, i32 4294967295, void @empty_1, i32 0, i32 0, void @empty_1, void @empty_1, void @empty_1, i32 0, i32 0, i32 0, i32 0, void @empty_1, void @empty_1, i32 4294967295, i32 0, i32 0"   --->   Operation 29 'specinterface' 'specinterface_ln0' <Predicate = true> <Delay = 0.00>
ST_1 : Operation 30 [1/1] (0.00ns)   --->   "%specbitsmap_ln0 = specbitsmap void @_ssdm_op_SpecBitsMap, i16 %dbg_chirp_count"   --->   Operation 30 'specbitsmap' 'specbitsmap_ln0' <Predicate = true> <Delay = 0.00>
ST_1 : Operation 31 [1/1] (0.00ns)   --->   "%specinterface_ln0 = specinterface void @_ssdm_op_SpecInterface, i16 %dbg_chirp_count, void @empty_2, i32 4294967295, i32 4294967295, void @empty_1, i32 0, i32 0, void @empty_1, void @empty_1, void @empty_1, i32 0, i32 0, i32 0, i32 0, void @empty_1, void @empty_1, i32 4294967295, i32 0, i32 0"   --->   Operation 31 'specinterface' 'specinterface_ln0' <Predicate = true> <Delay = 0.00>
ST_1 : Operation 32 [1/1] (0.00ns)   --->   "%specbitsmap_ln0 = specbitsmap void @_ssdm_op_SpecBitsMap, i16 %dbg_sample_count"   --->   Operation 32 'specbitsmap' 'specbitsmap_ln0' <Predicate = true> <Delay = 0.00>
ST_1 : Operation 33 [1/1] (0.00ns)   --->   "%specinterface_ln0 = specinterface void @_ssdm_op_SpecInterface, i16 %dbg_sample_count, void @empty_2, i32 4294967295, i32 4294967295, void @empty_1, i32 0, i32 0, void @empty_1, void @empty_1, void @empty_1, i32 0, i32 0, i32 0, i32 0, void @empty_1, void @empty_1, i32 4294967295, i32 0, i32 0"   --->   Operation 33 'specinterface' 'specinterface_ln0' <Predicate = true> <Delay = 0.00>
ST_1 : Operation 34 [1/1] (0.00ns)   --->   "%specbitsmap_ln0 = specbitsmap void @_ssdm_op_SpecBitsMap, i1 %dbg_chirp_start"   --->   Operation 34 'specbitsmap' 'specbitsmap_ln0' <Predicate = true> <Delay = 0.00>
ST_1 : Operation 35 [1/1] (0.00ns)   --->   "%specinterface_ln0 = specinterface void @_ssdm_op_SpecInterface, i1 %dbg_chirp_start, void @empty_2, i32 4294967295, i32 4294967295, void @empty_1, i32 0, i32 0, void @empty_1, void @empty_1, void @empty_1, i32 0, i32 0, i32 0, i32 0, void @empty_1, void @empty_1, i32 4294967295, i32 0, i32 0"   --->   Operation 35 'specinterface' 'specinterface_ln0' <Predicate = true> <Delay = 0.00>
ST_1 : Operation 36 [1/1] (0.00ns)   --->   "%specbitsmap_ln0 = specbitsmap void @_ssdm_op_SpecBitsMap, i1 %dbg_chirp_end"   --->   Operation 36 'specbitsmap' 'specbitsmap_ln0' <Predicate = true> <Delay = 0.00>
ST_1 : Operation 37 [1/1] (0.00ns)   --->   "%specinterface_ln0 = specinterface void @_ssdm_op_SpecInterface, i1 %dbg_chirp_end, void @empty_2, i32 4294967295, i32 4294967295, void @empty_1, i32 0, i32 0, void @empty_1, void @empty_1, void @empty_1, i32 0, i32 0, i32 0, i32 0, void @empty_1, void @empty_1, i32 4294967295, i32 0, i32 0"   --->   Operation 37 'specinterface' 'specinterface_ln0' <Predicate = true> <Delay = 0.00>
ST_1 : Operation 38 [1/1] (0.00ns)   --->   "%specbitsmap_ln0 = specbitsmap void @_ssdm_op_SpecBitsMap, i1 %dbg_enable"   --->   Operation 38 'specbitsmap' 'specbitsmap_ln0' <Predicate = true> <Delay = 0.00>
ST_1 : Operation 39 [1/1] (0.00ns)   --->   "%specinterface_ln0 = specinterface void @_ssdm_op_SpecInterface, i1 %dbg_enable, void @empty_2, i32 4294967295, i32 4294967295, void @empty_1, i32 0, i32 0, void @empty_1, void @empty_1, void @empty_1, i32 0, i32 0, i32 0, i32 0, void @empty_1, void @empty_1, i32 4294967295, i32 0, i32 0"   --->   Operation 39 'specinterface' 'specinterface_ln0' <Predicate = true> <Delay = 0.00>
ST_1 : Operation 40 [1/1] (0.00ns)   --->   "%specbitsmap_ln0 = specbitsmap void @_ssdm_op_SpecBitsMap, i3 %dbg_state"   --->   Operation 40 'specbitsmap' 'specbitsmap_ln0' <Predicate = true> <Delay = 0.00>
ST_1 : Operation 41 [1/1] (0.00ns)   --->   "%specinterface_ln0 = specinterface void @_ssdm_op_SpecInterface, i3 %dbg_state, void @empty_2, i32 4294967295, i32 4294967295, void @empty_1, i32 0, i32 0, void @empty_1, void @empty_1, void @empty_1, i32 0, i32 0, i32 0, i32 0, void @empty_1, void @empty_1, i32 4294967295, i32 0, i32 0"   --->   Operation 41 'specinterface' 'specinterface_ln0' <Predicate = true> <Delay = 0.00>
ST_1 : Operation 42 [1/1] (0.00ns)   --->   "%specinterface_ln0 = specinterface void @_ssdm_op_SpecInterface, i32 0, void @empty_3, i32 0, i32 0, void @empty_1, i32 0, i32 0, void @empty_4, void @empty_1, void @empty_1, i32 0, i32 0, i32 0, i32 0, void @empty_1, void @empty_1, i32 4294967295, i32 0, i32 0"   --->   Operation 42 'specinterface' 'specinterface_ln0' <Predicate = true> <Delay = 0.00>
ST_1 : Operation 43 [1/1] (0.00ns)   --->   "%specaxissidechannel_ln53 = specaxissidechannel void @_ssdm_op_SpecAXISSideChannel, i32 %m_axis_tx_V_data_V, i4 %m_axis_tx_V_keep_V, i4 %m_axis_tx_V_strb_V, i1 0, i1 %m_axis_tx_V_last_V, i1 0, i1 0, void @empty_5" [lfm_tdm_gen.cpp:53]   --->   Operation 43 'specaxissidechannel' 'specaxissidechannel_ln53' <Predicate = true> <Delay = 0.00>
ST_1 : Operation 44 [1/1] (0.42ns)   --->   "%store_ln0 = store i3 1, i3 %chirp_18"   --->   Operation 44 'store' 'store_ln0' <Predicate = true> <Delay = 0.42>
ST_1 : Operation 45 [1/1] (0.42ns)   --->   "%store_ln0 = store i11 0, i11 %sample4"   --->   Operation 45 'store' 'store_ln0' <Predicate = true> <Delay = 0.42>
ST_1 : Operation 46 [1/1] (0.42ns)   --->   "%store_ln0 = store i3 0, i3 %chirp3"   --->   Operation 46 'store' 'store_ln0' <Predicate = true> <Delay = 0.42>
ST_1 : Operation 47 [1/1] (0.42ns)   --->   "%store_ln0 = store i12 0, i12 %indvar_flatten2"   --->   Operation 47 'store' 'store_ln0' <Predicate = true> <Delay = 0.42>
ST_1 : Operation 48 [1/1] (0.42ns)   --->   "%br_ln0 = br void %for.inc24"   --->   Operation 48 'br' 'br_ln0' <Predicate = true> <Delay = 0.42>
ST_1 : Operation 49 [1/1] (0.00ns)   --->   "%icmp_ln577 = phi i1 0, void %entry, i1 %icmp_ln57, void %for.inc24" [lfm_tdm_gen.cpp:57]   --->   Operation 49 'phi' 'icmp_ln577' <Predicate = true> <Delay = 0.00>
ST_1 : Operation 50 [1/1] (0.00ns)   --->   "%indvar_flatten2_load = load i12 %indvar_flatten2" [lfm_tdm_gen.cpp:53]   --->   Operation 50 'load' 'indvar_flatten2_load' <Predicate = true> <Delay = 0.00>
ST_1 : Operation 51 [1/1] (0.00ns)   --->   "%chirp3_load = load i3 %chirp3" [lfm_tdm_gen.cpp:53]   --->   Operation 51 'load' 'chirp3_load' <Predicate = true> <Delay = 0.00>
ST_1 : Operation 52 [1/1] (0.00ns)   --->   "%sample4_load = load i11 %sample4" [lfm_tdm_gen.cpp:53]   --->   Operation 52 'load' 'sample4_load' <Predicate = true> <Delay = 0.00>
ST_1 : Operation 53 [1/1] (0.00ns)   --->   "%chirp_18_load = load i3 %chirp_18" [lfm_tdm_gen.cpp:53]   --->   Operation 53 'load' 'chirp_18_load' <Predicate = true> <Delay = 0.00>
ST_1 : Operation 54 [1/1] (0.38ns)   --->   "%select_ln53 = select i1 %icmp_ln577, i11 0, i11 %sample4_load" [lfm_tdm_gen.cpp:53]   --->   Operation 54 'select' 'select_ln53' <Predicate = true> <Delay = 0.38> <CoreInst = "Sel">   --->   Core 73 'Sel' <Latency = 0> <II = 1> <Delay = 0.38> <FuncUnit> <Opcode : 'select'> <InPorts = 3> <OutPorts = 1>
ST_1 : Operation 55 [1/1] (0.20ns)   --->   "%chirp_2 = select i1 %icmp_ln577, i3 %chirp_18_load, i3 %chirp3_load" [lfm_tdm_gen.cpp:53]   --->   Operation 55 'select' 'chirp_2' <Predicate = true> <Delay = 0.20> <CoreInst = "Sel">   --->   Core 73 'Sel' <Latency = 0> <II = 1> <Delay = 0.20> <FuncUnit> <Opcode : 'select'> <InPorts = 3> <OutPorts = 1>
ST_1 : Operation 56 [7/7] (0.78ns)   --->   "%tx_sel = urem i3 %chirp_2, i3 3" [lfm_tdm_gen.cpp:55]   --->   Operation 56 'urem' 'tx_sel' <Predicate = true> <Delay = 0.78> <CoreInst = "Divider">   --->   Core 6 'Divider' <Latency = 6> <II = 1> <Delay = 0.78> <FuncUnit> <Opcode : 'udiv' 'sdiv' 'urem' 'srem'> <InPorts = 2> <OutPorts = 1>
ST_1 : Operation 57 [1/1] (0.67ns)   --->   "%cmp13 = icmp_eq  i3 %chirp_2, i3 3" [lfm_tdm_gen.cpp:53]   --->   Operation 57 'icmp' 'cmp13' <Predicate = true> <Delay = 0.67> <CoreInst = "Cmp">   --->   Core 9 'Cmp' <Latency = 0> <II = 1> <Delay = 0.67> <FuncUnit> <Opcode : 'seteq' 'setne' 'setle' 'setge' 'setlt' 'setgt'> <InPorts = 2> <OutPorts = 1>
ST_1 : Operation 58 [1/1] (0.00ns)   --->   "%trunc_ln60 = trunc i11 %select_ln53" [lfm_tdm_gen.cpp:60]   --->   Operation 58 'trunc' 'trunc_ln60' <Predicate = true> <Delay = 0.00>
ST_1 : Operation 59 [1/1] (0.79ns)   --->   "%icmp_ln79 = icmp_eq  i11 %select_ln53, i11 1023" [lfm_tdm_gen.cpp:79]   --->   Operation 59 'icmp' 'icmp_ln79' <Predicate = true> <Delay = 0.79> <CoreInst = "Cmp">   --->   Core 9 'Cmp' <Latency = 0> <II = 1> <Delay = 0.79> <FuncUnit> <Opcode : 'seteq' 'setne' 'setle' 'setge' 'setlt' 'setgt'> <InPorts = 2> <OutPorts = 1>
ST_1 : Operation 60 [1/1] (0.28ns)   --->   "%tx_word_last = and i1 %cmp13, i1 %icmp_ln79" [lfm_tdm_gen.cpp:79]   --->   Operation 60 'and' 'tx_word_last' <Predicate = true> <Delay = 0.28> <CoreInst = "LogicGate">   --->   Core 74 'LogicGate' <Latency = 0> <II = 1> <Delay = 0.28> <FuncUnit> <Opcode : 'and' 'or' 'xor'> <InPorts = 2> <OutPorts = 1>
ST_1 : Operation 61 [1/1] (0.79ns)   --->   "%sample = add i11 %select_ln53, i11 1" [lfm_tdm_gen.cpp:57]   --->   Operation 61 'add' 'sample' <Predicate = true> <Delay = 0.79> <CoreInst = "Adder">   --->   Core 1 'Adder' <Latency = 0> <II = 1> <Delay = 0.79> <FuncUnit> <Opcode : 'add' 'sub'> <InPorts = 2> <OutPorts = 1>
ST_1 : Operation 62 [1/1] (0.80ns)   --->   "%add_ln53 = add i12 %indvar_flatten2_load, i12 1" [lfm_tdm_gen.cpp:53]   --->   Operation 62 'add' 'add_ln53' <Predicate = true> <Delay = 0.80> <CoreInst = "Adder">   --->   Core 1 'Adder' <Latency = 0> <II = 1> <Delay = 0.80> <FuncUnit> <Opcode : 'add' 'sub'> <InPorts = 2> <OutPorts = 1>
ST_1 : Operation 63 [1/1] (0.79ns)   --->   "%icmp_ln57 = icmp_eq  i11 %sample, i11 1024" [lfm_tdm_gen.cpp:57]   --->   Operation 63 'icmp' 'icmp_ln57' <Predicate = true> <Delay = 0.79> <CoreInst = "Cmp">   --->   Core 9 'Cmp' <Latency = 0> <II = 1> <Delay = 0.79> <FuncUnit> <Opcode : 'seteq' 'setne' 'setle' 'setge' 'setlt' 'setgt'> <InPorts = 2> <OutPorts = 1>
ST_1 : Operation 64 [1/1] (0.67ns)   --->   "%chirp = add i3 %chirp_2, i3 1" [lfm_tdm_gen.cpp:53]   --->   Operation 64 'add' 'chirp' <Predicate = true> <Delay = 0.67> <CoreInst = "Adder">   --->   Core 1 'Adder' <Latency = 0> <II = 1> <Delay = 0.67> <FuncUnit> <Opcode : 'add' 'sub'> <InPorts = 2> <OutPorts = 1>
ST_1 : Operation 65 [1/1] (0.80ns)   --->   "%icmp_ln53 = icmp_eq  i12 %indvar_flatten2_load, i12 4095" [lfm_tdm_gen.cpp:53]   --->   Operation 65 'icmp' 'icmp_ln53' <Predicate = true> <Delay = 0.80> <CoreInst = "Cmp">   --->   Core 9 'Cmp' <Latency = 0> <II = 1> <Delay = 0.80> <FuncUnit> <Opcode : 'seteq' 'setne' 'setle' 'setge' 'setlt' 'setgt'> <InPorts = 2> <OutPorts = 1>
ST_1 : Operation 66 [1/1] (0.42ns)   --->   "%store_ln53 = store i3 %chirp, i3 %chirp_18" [lfm_tdm_gen.cpp:53]   --->   Operation 66 'store' 'store_ln53' <Predicate = true> <Delay = 0.42>
ST_1 : Operation 67 [1/1] (0.42ns)   --->   "%store_ln57 = store i11 %sample, i11 %sample4" [lfm_tdm_gen.cpp:57]   --->   Operation 67 'store' 'store_ln57' <Predicate = true> <Delay = 0.42>
ST_1 : Operation 68 [1/1] (0.42ns)   --->   "%store_ln53 = store i3 %chirp_2, i3 %chirp3" [lfm_tdm_gen.cpp:53]   --->   Operation 68 'store' 'store_ln53' <Predicate = true> <Delay = 0.42>
ST_1 : Operation 69 [1/1] (0.42ns)   --->   "%store_ln53 = store i12 %add_ln53, i12 %indvar_flatten2" [lfm_tdm_gen.cpp:53]   --->   Operation 69 'store' 'store_ln53' <Predicate = true> <Delay = 0.42>
ST_1 : Operation 70 [1/1] (0.00ns)   --->   "%br_ln53 = br i1 %icmp_ln53, void %for.inc24, void %for.cond.cleanup" [lfm_tdm_gen.cpp:53]   --->   Operation 70 'br' 'br_ln53' <Predicate = true> <Delay = 0.00>

State 2 <SV = 1> <Delay = 0.78>
ST_2 : Operation 71 [6/7] (0.78ns)   --->   "%tx_sel = urem i3 %chirp_2, i3 3" [lfm_tdm_gen.cpp:55]   --->   Operation 71 'urem' 'tx_sel' <Predicate = true> <Delay = 0.78> <CoreInst = "Divider">   --->   Core 6 'Divider' <Latency = 6> <II = 1> <Delay = 0.78> <FuncUnit> <Opcode : 'udiv' 'sdiv' 'urem' 'srem'> <InPorts = 2> <OutPorts = 1>

State 3 <SV = 2> <Delay = 0.78>
ST_3 : Operation 72 [5/7] (0.78ns)   --->   "%tx_sel = urem i3 %chirp_2, i3 3" [lfm_tdm_gen.cpp:55]   --->   Operation 72 'urem' 'tx_sel' <Predicate = true> <Delay = 0.78> <CoreInst = "Divider">   --->   Core 6 'Divider' <Latency = 6> <II = 1> <Delay = 0.78> <FuncUnit> <Opcode : 'udiv' 'sdiv' 'urem' 'srem'> <InPorts = 2> <OutPorts = 1>

State 4 <SV = 3> <Delay = 0.78>
ST_4 : Operation 73 [4/7] (0.78ns)   --->   "%tx_sel = urem i3 %chirp_2, i3 3" [lfm_tdm_gen.cpp:55]   --->   Operation 73 'urem' 'tx_sel' <Predicate = true> <Delay = 0.78> <CoreInst = "Divider">   --->   Core 6 'Divider' <Latency = 6> <II = 1> <Delay = 0.78> <FuncUnit> <Opcode : 'udiv' 'sdiv' 'urem' 'srem'> <InPorts = 2> <OutPorts = 1>

State 5 <SV = 4> <Delay = 0.78>
ST_5 : Operation 74 [3/7] (0.78ns)   --->   "%tx_sel = urem i3 %chirp_2, i3 3" [lfm_tdm_gen.cpp:55]   --->   Operation 74 'urem' 'tx_sel' <Predicate = true> <Delay = 0.78> <CoreInst = "Divider">   --->   Core 6 'Divider' <Latency = 6> <II = 1> <Delay = 0.78> <FuncUnit> <Opcode : 'udiv' 'sdiv' 'urem' 'srem'> <InPorts = 2> <OutPorts = 1>

State 6 <SV = 5> <Delay = 0.78>
ST_6 : Operation 75 [2/7] (0.78ns)   --->   "%tx_sel = urem i3 %chirp_2, i3 3" [lfm_tdm_gen.cpp:55]   --->   Operation 75 'urem' 'tx_sel' <Predicate = true> <Delay = 0.78> <CoreInst = "Divider">   --->   Core 6 'Divider' <Latency = 6> <II = 1> <Delay = 0.78> <FuncUnit> <Opcode : 'udiv' 'sdiv' 'urem' 'srem'> <InPorts = 2> <OutPorts = 1>

State 7 <SV = 6> <Delay = 1.77>
ST_7 : Operation 76 [1/7] (0.78ns)   --->   "%tx_sel = urem i3 %chirp_2, i3 3" [lfm_tdm_gen.cpp:55]   --->   Operation 76 'urem' 'tx_sel' <Predicate = true> <Delay = 0.78> <CoreInst = "Divider">   --->   Core 6 'Divider' <Latency = 6> <II = 1> <Delay = 0.78> <FuncUnit> <Opcode : 'udiv' 'sdiv' 'urem' 'srem'> <InPorts = 2> <OutPorts = 1>
ST_7 : Operation 77 [1/1] (0.00ns)   --->   "%urem_ln55_cast = zext i3 %tx_sel" [lfm_tdm_gen.cpp:55]   --->   Operation 77 'zext' 'urem_ln55_cast' <Predicate = true> <Delay = 0.00>
ST_7 : Operation 78 [3/3] (0.99ns) (grouped into DSP with root node i_val)   --->   "%mul_i_i = mul i12 %urem_ln55_cast, i12 1000" [lfm_tdm_gen.cpp:55]   --->   Operation 78 'mul' 'mul_i_i' <Predicate = true> <Delay = 0.99> <CoreInst = "DSP48">   --->   Core 124 'DSP48' <Latency = 3> <II = 1> <Delay = 0.53> <IPBlock> <Opcode : '' 'add' 'sub' 'mul' 'select'> <InPorts = 0> <OutPorts = 1> <Sync> <CReg>

State 8 <SV = 7> <Delay = 0.99>
ST_8 : Operation 79 [2/3] (0.99ns) (grouped into DSP with root node i_val)   --->   "%mul_i_i = mul i12 %urem_ln55_cast, i12 1000" [lfm_tdm_gen.cpp:55]   --->   Operation 79 'mul' 'mul_i_i' <Predicate = true> <Delay = 0.99> <CoreInst = "DSP48">   --->   Core 124 'DSP48' <Latency = 3> <II = 1> <Delay = 0.53> <IPBlock> <Opcode : '' 'add' 'sub' 'mul' 'select'> <InPorts = 0> <OutPorts = 1> <Sync> <CReg>

State 9 <SV = 8> <Delay = 0.64>
ST_9 : Operation 80 [1/3] (0.00ns) (grouped into DSP with root node i_val)   --->   "%mul_i_i = mul i12 %urem_ln55_cast, i12 1000" [lfm_tdm_gen.cpp:55]   --->   Operation 80 'mul' 'mul_i_i' <Predicate = true> <Delay = 0.00> <CoreInst = "DSP48">   --->   Core 124 'DSP48' <Latency = 3> <II = 1> <Delay = 0.53> <IPBlock> <Opcode : '' 'add' 'sub' 'mul' 'select'> <InPorts = 0> <OutPorts = 1> <Sync> <CReg>
ST_9 : Operation 81 [1/1] (0.00ns)   --->   "%zext_ln60 = zext i10 %trunc_ln60" [lfm_tdm_gen.cpp:60]   --->   Operation 81 'zext' 'zext_ln60' <Predicate = true> <Delay = 0.00>
ST_9 : Operation 82 [2/2] (0.64ns) (root node of the DSP)   --->   "%i_val = add i12 %zext_ln60, i12 %mul_i_i" [lfm_tdm_gen.cpp:60]   --->   Operation 82 'add' 'i_val' <Predicate = true> <Delay = 0.64> <CoreInst = "DSP48">   --->   Core 124 'DSP48' <Latency = 3> <II = 1> <Delay = 0.53> <IPBlock> <Opcode : '' 'add' 'sub' 'mul' 'select'> <InPorts = 0> <OutPorts = 1> <Sync> <CReg>

State 10 <SV = 9> <Delay = 1.95>
ST_10 : Operation 83 [1/2] (0.64ns) (root node of the DSP)   --->   "%i_val = add i12 %zext_ln60, i12 %mul_i_i" [lfm_tdm_gen.cpp:60]   --->   Operation 83 'add' 'i_val' <Predicate = true> <Delay = 0.64> <CoreInst = "DSP48">   --->   Core 124 'DSP48' <Latency = 3> <II = 1> <Delay = 0.53> <IPBlock> <Opcode : '' 'add' 'sub' 'mul' 'select'> <InPorts = 0> <OutPorts = 1> <Sync> <CReg>
ST_10 : Operation 84 [1/1] (0.00ns)   --->   "%zext_ln62 = zext i12 %i_val" [lfm_tdm_gen.cpp:62]   --->   Operation 84 'zext' 'zext_ln62' <Predicate = true> <Delay = 0.00>
ST_10 : Operation 85 [1/1] (0.00ns)   --->   "%zext_ln62_1 = zext i12 %i_val" [lfm_tdm_gen.cpp:62]   --->   Operation 85 'zext' 'zext_ln62_1' <Predicate = true> <Delay = 0.00>
ST_10 : Operation 86 [1/1] (0.80ns)   --->   "%q_val = sub i13 0, i13 %zext_ln62_1" [lfm_tdm_gen.cpp:63]   --->   Operation 86 'sub' 'q_val' <Predicate = true> <Delay = 0.80> <CoreInst = "Adder">   --->   Core 1 'Adder' <Latency = 0> <II = 1> <Delay = 0.80> <FuncUnit> <Opcode : 'add' 'sub'> <InPorts = 2> <OutPorts = 1>
ST_10 : Operation 87 [1/1] (0.00ns)   --->   "%word = bitconcatenate i29 @_ssdm_op_BitConcatenate.i29.i13.i16, i13 %q_val, i16 %zext_ln62" [lfm_tdm_gen.cpp:18->lfm_tdm_gen.cpp:66]   --->   Operation 87 'bitconcatenate' 'word' <Predicate = true> <Delay = 0.00>
ST_10 : Operation 88 [1/1] (0.00ns)   --->   "%sext_ln16 = sext i29 %word" [lfm_tdm_gen.cpp:16->lfm_tdm_gen.cpp:66]   --->   Operation 88 'sext' 'sext_ln16' <Predicate = true> <Delay = 0.00>
ST_10 : Operation 89 [2/2] (0.49ns)   --->   "%write_ln92 = write void @_ssdm_op_Write.axis.volatile.i32P0A.i4P0A.i4P0A.i1P0A, i32 %m_axis_tx_V_data_V, i4 %m_axis_tx_V_keep_V, i4 %m_axis_tx_V_strb_V, i1 %m_axis_tx_V_last_V, i32 %sext_ln16, i4 15, i4 15, i1 %tx_word_last" [lfm_tdm_gen.cpp:92]   --->   Operation 89 'write' 'write_ln92' <Predicate = true> <Delay = 0.49> <CoreInst = "regslice">   --->   Core 147 'regslice' <Latency = 0> <II = 1> <Delay = 0.65> <Adapter> <Opcode : 'read' 'write'>

State 11 <SV = 10> <Delay = 0.49>
ST_11 : Operation 90 [1/1] (0.00ns)   --->   "%specloopname_ln0 = specloopname void @_ssdm_op_SpecLoopName, void @VITIS_LOOP_53_1_VITIS_LOOP_57_2_str"   --->   Operation 90 'specloopname' 'specloopname_ln0' <Predicate = true> <Delay = 0.00>
ST_11 : Operation 91 [1/1] (0.00ns)   --->   "%speclooptripcount_ln0 = speclooptripcount void @_ssdm_op_SpecLoopTripCount, i64 4096, i64 4096, i64 4096"   --->   Operation 91 'speclooptripcount' 'speclooptripcount_ln0' <Predicate = true> <Delay = 0.00>
ST_11 : Operation 92 [1/1] (0.00ns)   --->   "%specpipeline_ln58 = specpipeline void @_ssdm_op_SpecPipeline, i32 1, i32 0, i32 0, i32 0, void @empty_1" [lfm_tdm_gen.cpp:58]   --->   Operation 92 'specpipeline' 'specpipeline_ln58' <Predicate = true> <Delay = 0.00>
ST_11 : Operation 93 [1/1] (0.00ns)   --->   "%sext_ln63 = sext i13 %q_val" [lfm_tdm_gen.cpp:63]   --->   Operation 93 'sext' 'sext_ln63' <Predicate = true> <Delay = 0.00>
ST_11 : Operation 94 [1/2] (0.49ns)   --->   "%write_ln92 = write void @_ssdm_op_Write.axis.volatile.i32P0A.i4P0A.i4P0A.i1P0A, i32 %m_axis_tx_V_data_V, i4 %m_axis_tx_V_keep_V, i4 %m_axis_tx_V_strb_V, i1 %m_axis_tx_V_last_V, i32 %sext_ln16, i4 15, i4 15, i1 %tx_word_last" [lfm_tdm_gen.cpp:92]   --->   Operation 94 'write' 'write_ln92' <Predicate = true> <Delay = 0.49> <CoreInst = "regslice">   --->   Core 147 'regslice' <Latency = 0> <II = 1> <Delay = 0.65> <Adapter> <Opcode : 'read' 'write'>
ST_11 : Operation 95 [1/1] (0.00ns)   --->   "%write_ln84 = write void @_ssdm_op_Write.ap_none.i16P0A, i16 %dbg_lfm_i, i16 %zext_ln62" [lfm_tdm_gen.cpp:84]   --->   Operation 95 'write' 'write_ln84' <Predicate = (icmp_ln53)> <Delay = 0.00>
ST_11 : Operation 96 [1/1] (0.00ns)   --->   "%write_ln85 = write void @_ssdm_op_Write.ap_none.i16P0A, i16 %dbg_lfm_q, i16 %sext_ln63" [lfm_tdm_gen.cpp:85]   --->   Operation 96 'write' 'write_ln85' <Predicate = (icmp_ln53)> <Delay = 0.00>
ST_11 : Operation 97 [1/1] (0.00ns)   --->   "%write_ln86 = write void @_ssdm_op_Write.ap_none.i2P0A, i2 %dbg_tx_sel, i2 0" [lfm_tdm_gen.cpp:86]   --->   Operation 97 'write' 'write_ln86' <Predicate = (icmp_ln53)> <Delay = 0.00>
ST_11 : Operation 98 [1/1] (0.00ns)   --->   "%write_ln87 = write void @_ssdm_op_Write.ap_none.i16P0A, i16 %dbg_chirp_count, i16 3" [lfm_tdm_gen.cpp:87]   --->   Operation 98 'write' 'write_ln87' <Predicate = (icmp_ln53)> <Delay = 0.00>
ST_11 : Operation 99 [1/1] (0.00ns)   --->   "%write_ln88 = write void @_ssdm_op_Write.ap_none.i16P0A, i16 %dbg_sample_count, i16 1023" [lfm_tdm_gen.cpp:88]   --->   Operation 99 'write' 'write_ln88' <Predicate = (icmp_ln53)> <Delay = 0.00>
ST_11 : Operation 100 [1/1] (0.00ns)   --->   "%write_ln89 = write void @_ssdm_op_Write.ap_none.i1P0A, i1 %dbg_chirp_start, i1 0" [lfm_tdm_gen.cpp:89]   --->   Operation 100 'write' 'write_ln89' <Predicate = (icmp_ln53)> <Delay = 0.00>
ST_11 : Operation 101 [1/1] (0.00ns)   --->   "%write_ln90 = write void @_ssdm_op_Write.ap_none.i1P0A, i1 %dbg_chirp_end, i1 1" [lfm_tdm_gen.cpp:90]   --->   Operation 101 'write' 'write_ln90' <Predicate = (icmp_ln53)> <Delay = 0.00>
ST_11 : Operation 102 [1/1] (0.00ns)   --->   "%write_ln96 = write void @_ssdm_op_Write.ap_none.i1P0A, i1 %dbg_enable, i1 0" [lfm_tdm_gen.cpp:96]   --->   Operation 102 'write' 'write_ln96' <Predicate = (icmp_ln53)> <Delay = 0.00>
ST_11 : Operation 103 [1/1] (0.00ns)   --->   "%write_ln97 = write void @_ssdm_op_Write.ap_none.i3P0A, i3 %dbg_state, i3 0" [lfm_tdm_gen.cpp:97]   --->   Operation 103 'write' 'write_ln97' <Predicate = (icmp_ln53)> <Delay = 0.00>
ST_11 : Operation 104 [1/1] (0.42ns)   --->   "%ret_ln98 = ret" [lfm_tdm_gen.cpp:98]   --->   Operation 104 'ret' 'ret_ln98' <Predicate = (icmp_ln53)> <Delay = 0.42>


============================================================
+ Verbose Summary: Timing violations
============================================================
Target clock period: 10.000ns, clock uncertainty: 2.700ns.

 <State 1>: 2.412ns
The critical path consists of the following:
	'store' operation 0 bit ('store_ln0') of constant 0 on local variable 'sample4' [45]  (0.427 ns)
	'load' operation 11 bit ('sample4_load', lfm_tdm_gen.cpp:53) on local variable 'sample4' [53]  (0.000 ns)
	'select' operation 11 bit ('select_ln53', lfm_tdm_gen.cpp:53) [57]  (0.389 ns)
	'add' operation 11 bit ('sample', lfm_tdm_gen.cpp:57) [76]  (0.798 ns)
	'icmp' operation 1 bit ('icmp_ln57', lfm_tdm_gen.cpp:57) [78]  (0.798 ns)

 <State 2>: 0.781ns
The critical path consists of the following:
	'urem' operation 3 bit ('tx_sel', lfm_tdm_gen.cpp:55) [59]  (0.781 ns)

 <State 3>: 0.781ns
The critical path consists of the following:
	'urem' operation 3 bit ('tx_sel', lfm_tdm_gen.cpp:55) [59]  (0.781 ns)

 <State 4>: 0.781ns
The critical path consists of the following:
	'urem' operation 3 bit ('tx_sel', lfm_tdm_gen.cpp:55) [59]  (0.781 ns)

 <State 5>: 0.781ns
The critical path consists of the following:
	'urem' operation 3 bit ('tx_sel', lfm_tdm_gen.cpp:55) [59]  (0.781 ns)

 <State 6>: 0.781ns
The critical path consists of the following:
	'urem' operation 3 bit ('tx_sel', lfm_tdm_gen.cpp:55) [59]  (0.781 ns)

 <State 7>: 1.777ns
The critical path consists of the following:
	'urem' operation 3 bit ('tx_sel', lfm_tdm_gen.cpp:55) [59]  (0.781 ns)
	'mul' operation 12 bit of DSP[66] ('mul_i_i', lfm_tdm_gen.cpp:55) [61]  (0.996 ns)

 <State 8>: 0.996ns
The critical path consists of the following:
	'mul' operation 12 bit of DSP[66] ('mul_i_i', lfm_tdm_gen.cpp:55) [61]  (0.996 ns)

 <State 9>: 0.645ns
The critical path consists of the following:
	'mul' operation 12 bit of DSP[66] ('mul_i_i', lfm_tdm_gen.cpp:55) [61]  (0.000 ns)
	'add' operation 12 bit of DSP[66] ('i_val', lfm_tdm_gen.cpp:60) [66]  (0.645 ns)

 <State 10>: 1.951ns
The critical path consists of the following:
	'add' operation 12 bit of DSP[66] ('i_val', lfm_tdm_gen.cpp:60) [66]  (0.645 ns)
	'sub' operation 13 bit ('q_val', lfm_tdm_gen.cpp:63) [69]  (0.809 ns)
	axis write operation ('write_ln92', lfm_tdm_gen.cpp:92) on port 'm_axis_tx_V_data_V' (lfm_tdm_gen.cpp:92) [75]  (0.497 ns)

 <State 11>: 0.497ns
The critical path consists of the following:
	axis write operation ('write_ln92', lfm_tdm_gen.cpp:92) on port 'm_axis_tx_V_data_V' (lfm_tdm_gen.cpp:92) [75]  (0.497 ns)


============================================================
+ Verbose Summary: Binding
============================================================
N/A
* FSMD analyzer results:
  - Output states:
 - Input state : 
  - Chain level:
	State 1
	State 2
	State 3
	State 4
	State 5
	State 6
	State 7
	State 8
	State 9
	State 10
	State 11


============================================================
+ Verbose Summary: Datapath Resource usage 
============================================================
N/A
