

================================================================
== Synthesis Summary Report of 'adc_packetizer'
================================================================
+ General Information: 
    * Date:           Fri Jul 17 19:24:16 2026
    * Version:        2024.2 (Build 5238294 on Nov  8 2024)
    * Project:        adc_packetizer
    * Solution:       hls (Vivado IP Flow Target)
    * Product family: zynquplusRFSOC
    * Target device:  xczu48dr-fsvg1517-2-e
    

+ Performance & Resource Estimates: 
    
    PS: '+' for module; 'o' for loop; '*' for dataflow
    +------------------+------+------+---------+--------+----------+---------+------+----------+------+----+----------+----------+-----+
    |      Modules     | Issue|      | Latency | Latency| Iteration|         | Trip |          |      |    |          |          |     |
    |      & Loops     | Type | Slack| (cycles)|  (ns)  |  Latency | Interval| Count| Pipelined| BRAM | DSP|    FF    |    LUT   | URAM|
    +------------------+------+------+---------+--------+----------+---------+------+----------+------+----+----------+----------+-----+
    |+ adc_packetizer  |     -|  5.99|        1|  10.000|         -|        1|     -|       yes|     -|   -|  14 (~0%)|  64 (~0%)|    -|
    +------------------+------+------+---------+--------+----------+---------+------+----------+------+----+----------+----------+-----+


================================================================
== HW Interfaces
================================================================
* AXIS
+------------+-----------+---------------+-------+-------+-------+--------+-------+--------+
| Interface  | Direction | Register Mode | TDATA | TKEEP | TLAST | TREADY | TSTRB | TVALID |
+------------+-----------+---------------+-------+-------+-------+--------+-------+--------+
| m_axis_dma | out       | both          | 32    | 4     | 1     | 1      | 4     | 1      |
| s_axis_adc | in        | both          | 16    |       |       | 1      |       | 1      |
+------------+-----------+---------------+-------+-------+-------+--------+-------+--------+

* TOP LEVEL CONTROL
+-----------+--------------+----------+
| Interface | Type         | Ports    |
+-----------+--------------+----------+
| ap_clk    | clock        | ap_clk   |
| ap_rst_n  | reset        | ap_rst_n |
| ap_ctrl   | ap_ctrl_none |          |
+-----------+--------------+----------+


================================================================
== SW I/O Information
================================================================
* Top Function Arguments
+------------+-----------+---------------------------------------------------------+
| Argument   | Direction | Datatype                                                |
+------------+-----------+---------------------------------------------------------+
| s_axis_adc | in        | stream<ap_int<16>, 0>&                                  |
| m_axis_dma | out       | stream<hls::axis<ap_uint<32>, 0, 0, 0, '8', false>, 0>& |
+------------+-----------+---------------------------------------------------------+

* SW-to-HW Mapping
+------------+--------------+-----------+
| Argument   | HW Interface | HW Type   |
+------------+--------------+-----------+
| s_axis_adc | s_axis_adc   | interface |
| m_axis_dma | m_axis_dma   | interface |
+------------+--------------+-----------+


================================================================
== Bind Op Report
================================================================
+---------------------------------+-----+--------+---------------+-------+--------+---------+
| Name                            | DSP | Pragma | Variable      | Op    | Impl   | Latency |
+---------------------------------+-----+--------+---------------+-------+--------+---------+
| + adc_packetizer                | 0   |        |               |       |        |         |
|   m_axis_dma_TLAST_int_regslice |     |        | out_word_last | seteq | auto   | 0       |
|   add_ln41_fu_92_p2             |     |        | add_ln41      | add   | fabric | 0       |
+---------------------------------+-----+--------+---------------+-------+--------+---------+


================================================================
== Storage Report
================================================================
  No bind storage info in design

================================================================
== Pragma Report
================================================================
* Valid Pragma Syntax
+-----------+--------------------------+-----------------------------------------------------+
| Type      | Options                  | Location                                            |
+-----------+--------------------------+-----------------------------------------------------+
| interface | axis port=s_axis_adc     | adc_packetizer.cpp:20 in adc_packetizer, s_axis_adc |
| interface | axis port=m_axis_dma     | adc_packetizer.cpp:21 in adc_packetizer, m_axis_dma |
| interface | ap_ctrl_none port=return | adc_packetizer.cpp:22 in adc_packetizer, return     |
| pipeline  | II=1                     | adc_packetizer.cpp:23 in adc_packetizer             |
+-----------+--------------------------+-----------------------------------------------------+


